Archive member included to satisfy reference by file (symbol)

c:/st/stm32cubeide_1.12.0/stm32cubeide/plugins/com.st.stm32cube.ide.mcu.externaltools.gnu-tools-for-stm32.10.3-2021.10.win32_1.0.200.202301161003/tools/bin/../lib/gcc/arm-none-eabi/10.3.1/../../../../arm-none-eabi/lib/thumb/v7-m/nofp\libc_nano.a(lib_a-errno.o)
                              ./Core/Src/syscalls.o (__errno)
c:/st/stm32cubeide_1.12.0/stm32cubeide/plugins/com.st.stm32cube.ide.mcu.externaltools.gnu-tools-for-stm32.10.3-2021.10.win32_1.0.200.202301161003/tools/bin/../lib/gcc/arm-none-eabi/10.3.1/../../../../arm-none-eabi/lib/thumb/v7-m/nofp\libc_nano.a(lib_a-exit.o)
                              c:/st/stm32cubeide_1.12.0/stm32cubeide/plugins/com.st.stm32cube.ide.mcu.externaltools.gnu-tools-for-stm32.10.3-2021.10.win32_1.0.200.202301161003/tools/bin/../lib/gcc/arm-none-eabi/10.3.1/../../../../arm-none-eabi/lib/thumb/v7-m/nofp/crt0.o (exit)
c:/st/stm32cubeide_1.12.0/stm32cubeide/plugins/com.st.stm32cube.ide.mcu.externaltools.gnu-tools-for-stm32.10.3-2021.10.win32_1.0.200.202301161003/tools/bin/../lib/gcc/arm-none-eabi/10.3.1/../../../../arm-none-eabi/lib/thumb/v7-m/nofp\libc_nano.a(lib_a-impure.o)
                              c:/st/stm32cubeide_1.12.0/stm32cubeide/plugins/com.st.stm32cube.ide.mcu.externaltools.gnu-tools-for-stm32.10.3-2021.10.win32_1.0.200.202301161003/tools/bin/../lib/gcc/arm-none-eabi/10.3.1/../../../../arm-none-eabi/lib/thumb/v7-m/nofp\libc_nano.a(lib_a-exit.o) (_global_impure_ptr)
c:/st/stm32cubeide_1.12.0/stm32cubeide/plugins/com.st.stm32cube.ide.mcu.externaltools.gnu-tools-for-stm32.10.3-2021.10.win32_1.0.200.202301161003/tools/bin/../lib/gcc/arm-none-eabi/10.3.1/../../../../arm-none-eabi/lib/thumb/v7-m/nofp\libc_nano.a(lib_a-init.o)
                              c:/st/stm32cubeide_1.12.0/stm32cubeide/plugins/com.st.stm32cube.ide.mcu.externaltools.gnu-tools-for-stm32.10.3-2021.10.win32_1.0.200.202301161003/tools/bin/../lib/gcc/arm-none-eabi/10.3.1/../../../../arm-none-eabi/lib/thumb/v7-m/nofp/crt0.o (__libc_init_array)
c:/st/stm32cubeide_1.12.0/stm32cubeide/plugins/com.st.stm32cube.ide.mcu.externaltools.gnu-tools-for-stm32.10.3-2021.10.win32_1.0.200.202301161003/tools/bin/../lib/gcc/arm-none-eabi/10.3.1/../../../../arm-none-eabi/lib/thumb/v7-m/nofp\libc_nano.a(lib_a-memset.o)
                              c:/st/stm32cubeide_1.12.0/stm32cubeide/plugins/com.st.stm32cube.ide.mcu.externaltools.gnu-tools-for-stm32.10.3-2021.10.win32_1.0.200.202301161003/tools/bin/../lib/gcc/arm-none-eabi/10.3.1/../../../../arm-none-eabi/lib/thumb/v7-m/nofp/crt0.o (memset)
c:/st/stm32cubeide_1.12.0/stm32cubeide/plugins/com.st.stm32cube.ide.mcu.externaltools.gnu-tools-for-stm32.10.3-2021.10.win32_1.0.200.202301161003/tools/bin/../lib/gcc/arm-none-eabi/10.3.1/thumb/v7-m/nofp\libgcc.a(_aeabi_uldivmod.o)
                              ./Drivers/STM32L1xx_HAL_Driver/Src/stm32l1xx_hal_rcc.o (__aeabi_uldivmod)
c:/st/stm32cubeide_1.12.0/stm32cubeide/plugins/com.st.stm32cube.ide.mcu.externaltools.gnu-tools-for-stm32.10.3-2021.10.win32_1.0.200.202301161003/tools/bin/../lib/gcc/arm-none-eabi/10.3.1/thumb/v7-m/nofp\libgcc.a(_udivmoddi4.o)
                              c:/st/stm32cubeide_1.12.0/stm32cubeide/plugins/com.st.stm32cube.ide.mcu.externaltools.gnu-tools-for-stm32.10.3-2021.10.win32_1.0.200.202301161003/tools/bin/../lib/gcc/arm-none-eabi/10.3.1/thumb/v7-m/nofp\libgcc.a(_aeabi_uldivmod.o) (__udivmoddi4)
c:/st/stm32cubeide_1.12.0/stm32cubeide/plugins/com.st.stm32cube.ide.mcu.externaltools.gnu-tools-for-stm32.10.3-2021.10.win32_1.0.200.202301161003/tools/bin/../lib/gcc/arm-none-eabi/10.3.1/thumb/v7-m/nofp\libgcc.a(_dvmd_tls.o)
                              c:/st/stm32cubeide_1.12.0/stm32cubeide/plugins/com.st.stm32cube.ide.mcu.externaltools.gnu-tools-for-stm32.10.3-2021.10.win32_1.0.200.202301161003/tools/bin/../lib/gcc/arm-none-eabi/10.3.1/thumb/v7-m/nofp\libgcc.a(_aeabi_uldivmod.o) (__aeabi_ldiv0)

Discarded input sections

 .text          0x0000000000000000        0x0 c:/st/stm32cubeide_1.12.0/stm32cubeide/plugins/com.st.stm32cube.ide.mcu.externaltools.gnu-tools-for-stm32.10.3-2021.10.win32_1.0.200.202301161003/tools/bin/../lib/gcc/arm-none-eabi/10.3.1/thumb/v7-m/nofp/crti.o
 .data          0x0000000000000000        0x0 c:/st/stm32cubeide_1.12.0/stm32cubeide/plugins/com.st.stm32cube.ide.mcu.externaltools.gnu-tools-for-stm32.10.3-2021.10.win32_1.0.200.202301161003/tools/bin/../lib/gcc/arm-none-eabi/10.3.1/thumb/v7-m/nofp/crti.o
 .bss           0x0000000000000000        0x0 c:/st/stm32cubeide_1.12.0/stm32cubeide/plugins/com.st.stm32cube.ide.mcu.externaltools.gnu-tools-for-stm32.10.3-2021.10.win32_1.0.200.202301161003/tools/bin/../lib/gcc/arm-none-eabi/10.3.1/thumb/v7-m/nofp/crti.o
 .data          0x0000000000000000        0x4 c:/st/stm32cubeide_1.12.0/stm32cubeide/plugins/com.st.stm32cube.ide.mcu.externaltools.gnu-tools-for-stm32.10.3-2021.10.win32_1.0.200.202301161003/tools/bin/../lib/gcc/arm-none-eabi/10.3.1/thumb/v7-m/nofp/crtbegin.o
[...]
Memory Configuration

Name             Origin             Length             Attributes
RAM              0x0000000020000000 0x0000000000014000 xrw
FLASH            0x0000000008000000 0x0000000000080000 xr
*default*        0x0000000000000000 0xffffffffffffffff

Linker script and memory map

LOAD c:/st/stm32cubeide_1.12.0/stm32cubeide/plugins/com.st.stm32cube.ide.mcu.externaltools.gnu-tools-for-stm32.10.3-2021.10.win32_1.0.200.202301161003/tools/bin/../lib/gcc/arm-none-eabi/10.3.1/thumb/v7-m/nofp/crti.o
LOAD c:/st/stm32cubeide_1.12.0/stm32cubeide/plugins/com.st.stm32cube.ide.mcu.externaltools.gnu-tools-for-stm32.10.3-2021.10.win32_1.0.200.202301161003/tools/bin/../lib/gcc/arm-none-eabi/10.3.1/thumb/v7-m/nofp/crtbegin.o
LOAD c:/st/stm32cubeide_1.12.0/stm32cubeide/plugins/com.st.stm32cube.ide.mcu.externaltools.gnu-tools-for-stm32.10.3-2021.10.win32_1.0.200.202301161003/tools/bin/../lib/gcc/arm-none-eabi/10.3.1/../../../../arm-none-eabi/lib/thumb/v7-m/nofp/crt0.o
LOAD ./Core/Src/main.o
LOAD ./Core/Src/stm32l1xx_hal_msp.o
LOAD ./Core/Src/stm32l1xx_it.o
LOAD ./Core/Src/syscalls.o
LOAD ./Core/Src/sysmem.o
LOAD ./Core/Src/system_stm32l1xx.o
LOAD ./Core/Startup/startup_stm32l152retx.o
LOAD ./Drivers/STM32L1xx_HAL_Driver/Src/stm32l1xx_hal.o
LOAD ./Drivers/STM32L1xx_HAL_Driver/Src/stm32l1xx_hal_cortex.o
LOAD ./Drivers/STM32L1xx_HAL_Driver/Src/stm32l1xx_hal_dma.o
LOAD ./Drivers/STM32L1xx_HAL_Driver/Src/stm32l1xx_hal_exti.o
LOAD ./Drivers/STM32L1xx_HAL_Driver/Src/stm32l1xx_hal_flash.o
LOAD ./Drivers/STM32L1xx_HAL_Driver/Src/stm32l1xx_hal_flash_ex.o
LOAD ./Drivers/STM32L1xx_HAL_Driver/Src/stm32l1xx_hal_flash_ramfunc.o
LOAD ./Drivers/STM32L1xx_HAL_Driver/Src/stm32l1xx_hal_gpio.o
LOAD ./Drivers/STM32L1xx_HAL_Driver/Src/stm32l1xx_hal_pcd.o
LOAD ./Drivers/STM32L1xx_HAL_Driver/Src/stm32l1xx_hal_pcd_ex.o
LOAD ./Drivers/STM32L1xx_HAL_Driver/Src/stm32l1xx_hal_pwr.o
LOAD ./Drivers/STM32L1xx_HAL_Driver/Src/stm32l1xx_hal_pwr_ex.o
LOAD ./Drivers/STM32L1xx_HAL_Driver/Src/stm32l1xx_hal_rcc.o
LOAD ./Drivers/STM32L1xx_HAL_Driver/Src/stm32l1xx_hal_rcc_ex.o
LOAD ./Drivers/STM32L1xx_HAL_Driver/Src/stm32l1xx_hal_tim.o
LOAD ./Drivers/STM32L1xx_HAL_Driver/Src/stm32l1xx_hal_tim_ex.o
LOAD ./Drivers/STM32L1xx_HAL_Driver/Src/stm32l1xx_hal_uart.o
LOAD ./Drivers/STM32L1xx_HAL_Driver/Src/stm32l1xx_ll_usb.o
LOAD ./Middlewares/ST/STM32_USB_Device_Library/Class/CDC/Src/usbd_cdc.o
LOAD ./Middlewares/ST/STM32_USB_Device_Library/Core/Src/usbd_core.o
LOAD ./Middlewares/ST/STM32_USB_Device_Library/Core/Src/usbd_ctlreq.o
LOAD ./Middlewares/ST/STM32_USB_Device_Library/Core/Src/usbd_ioreq.o
LOAD ./USB_DEVICE/App/usb_device.o
LOAD ./USB_DEVICE/App/usbd_cdc_if.o
LOAD ./USB_DEVICE/App/usbd_desc.o
LOAD ./USB_DEVICE/Target/usbd_conf.o
START GROUP
LOAD c:/st/stm32cubeide_1.12.0/stm32cubeide/plugins/com.st.stm32cube.ide.mcu.externaltools.gnu-tools-for-stm32.10.3-2021.10.win32_1.0.200.202301161003/tools/bin/../lib/gcc/arm-none-eabi/10.3.1/../../../../arm-none-eabi/lib/thumb/v7-m/nofp\libc_nano.a
LOAD c:/st/stm32cubeide_1.12.0/stm32cubeide/plugins/com.st.stm32cube.ide.mcu.externaltools.gnu-tools-for-stm32.10.3-2021.10.win32_1.0.200.202301161003/tools/bin/../lib/gcc/arm-none-eabi/10.3.1/../../../../arm-none-eabi/lib/thumb/v7-m/nofp\libm.a
END GROUP
START GROUP
LOAD c:/st/stm32cubeide_1.12.0/stm32cubeide/plugins/com.st.stm32cube.ide.mcu.externaltools.gnu-tools-for-stm32.10.3-2021.10.win32_1.0.200.202301161003/tools/bin/../lib/gcc/arm-none-eabi/10.3.1/thumb/v7-m/nofp\libgcc.a
LOAD c:/st/stm32cubeide_1.12.0/stm32cubeide/plugins/com.st.stm32cube.ide.mcu.externaltools.gnu-tools-for-stm32.10.3-2021.10.win32_1.0.200.202301161003/tools/bin/../lib/gcc/arm-none-eabi/10.3.1/../../../../arm-none-eabi/lib/thumb/v7-m/nofp\libc_nano.a
END GROUP
START GROUP
LOAD c:/st/stm32cubeide_1.12.0/stm32cubeide/plugins/com.st.stm32cube.ide.mcu.externaltools.gnu-tools-for-stm32.10.3-2021.10.win32_1.0.200.202301161003/tools/bin/../lib/gcc/arm-none-eabi/10.3.1/thumb/v7-m/nofp\libgcc.a
LOAD c:/st/stm32cubeide_1.12.0/stm32cubeide/plugins/com.st.stm32cube.ide.mcu.externaltools.gnu-tools-for-stm32.10.3-2021.10.win32_1.0.200.202301161003/tools/bin/../lib/gcc/arm-none-eabi/10.3.1/../../../../arm-none-eabi/lib/thumb/v7-m/nofp\libc_nano.a
LOAD c:/st/stm32cubeide_1.12.0/stm32cubeide/plugins/com.st.stm32cube.ide.mcu.externaltools.gnu-tools-for-stm32.10.3-2021.10.win32_1.0.200.202301161003/tools/bin/../lib/gcc/arm-none-eabi/10.3.1/../../../../arm-none-eabi/lib/thumb/v7-m/nofp\libnosys.a
END GROUP
START GROUP
LOAD c:/st/stm32cubeide_1.12.0/stm32cubeide/plugins/com.st.stm32cube.ide.mcu.externaltools.gnu-tools-for-stm32.10.3-2021.10.win32_1.0.200.202301161003/tools/bin/../lib/gcc/arm-none-eabi/10.3.1/thumb/v7-m/nofp\libgcc.a
LOAD c:/st/stm32cubeide_1.12.0/stm32cubeide/plugins/com.st.stm32cube.ide.mcu.externaltools.gnu-tools-for-stm32.10.3-2021.10.win32_1.0.200.202301161003/tools/bin/../lib/gcc/arm-none-eabi/10.3.1/../../../../arm-none-eabi/lib/thumb/v7-m/nofp\libc_nano.a
LOAD c:/st/stm32cubeide_1.12.0/stm32cubeide/plugins/com.st.stm32cube.ide.mcu.externaltools.gnu-tools-for-stm32.10.3-2021.10.win32_1.0.200.202301161003/tools/bin/../lib/gcc/arm-none-eabi/10.3.1/../../../../arm-none-eabi/lib/thumb/v7-m/nofp\libnosys.a
END GROUP
LOAD c:/st/stm32cubeide_1.12.0/stm32cubeide/plugins/com.st.stm32cube.ide.mcu.externaltools.gnu-tools-for-stm32.10.3-2021.10.win32_1.0.200.202301161003/tools/bin/../lib/gcc/arm-none-eabi/10.3.1/thumb/v7-m/nofp/crtend.o
LOAD c:/st/stm32cubeide_1.12.0/stm32cubeide/plugins/com.st.stm32cube.ide.mcu.externaltools.gnu-tools-for-stm32.10.3-2021.10.win32_1.0.200.202301161003/tools/bin/../lib/gcc/arm-none-eabi/10.3.1/thumb/v7-m/nofp/crtn.o
                0x0000000020014000                _estack = (ORIGIN (RAM) + LENGTH (RAM))
                0x0000000000000100                _Min_Heap_Size = 0x100
                0x0000000000000400                _Min_Stack_Size = 0x400

.isr_vector     0x0000000008000000      0x13c
                0x0000000008000000                . = ALIGN (0x4)
 *(.isr_vector)
 .isr_vector    0x0000000008000000      0x13c ./Core/Startup/startup_stm32l152retx.o
                0x0000000008000000                g_pfnVectors
                0x000000000800013c                . = ALIGN (0x4)

.text           0x000000000800013c     0x7f1c
                0x000000000800013c                . = ALIGN (0x4)
 *(.text)
 .text          0x000000000800013c       0x40 c:/st/stm32cubeide_1.12.0/stm32cubeide/plugins/com.st.stm32cube.ide.mcu.externaltools.gnu-tools-for-stm32.10.3-2021.10.win32_1.0.200.202301161003/tools/bin/../lib/gcc/arm-none-eabi/10.3.1/thumb/v7-m/nofp/crtbegin.o
 .text          0x000000000800017c       0x30 c:/st/stm32cubeide_1.12.0/stm32cubeide/plugins/com.st.stm32cube.ide.mcu.externaltools.gnu-tools-for-stm32.10.3-2021.10.win32_1.0.200.202301161003/tools/bin/../lib/gcc/arm-none-eabi/10.3.1/thumb/v7-m/nofp\libgcc.a(_aeabi_uldivmod.o)
                0x000000000800017c                __aeabi_uldivmod
 .text          0x00000000080001ac      0x2d4 c:/st/stm32cubeide_1.12.0/stm32cubeide/plugins/com.st.stm32cube.ide.mcu.externaltools.gnu-tools-for-stm32.10.3-2021.10.win32_1.0.200.202301161003/tools/bin/../lib/gcc/arm-none-eabi/10.3.1/thumb/v7-m/nofp\libgcc.a(_udivmoddi4.o)
                0x00000000080001ac                __udivmoddi4
 .text          0x0000000008000480        0x4 c:/st/stm32cubeide_1.12.0/stm32cubeide/plugins/com.st.stm32cube.ide.mcu.externaltools.gnu-tools-for-stm32.10.3-2021.10.win32_1.0.200.202301161003/tools/bin/../lib/gcc/arm-none-eabi/10.3.1/thumb/v7-m/nofp\libgcc.a(_dvmd_tls.o)
                0x0000000008000480                __aeabi_idiv0
                0x0000000008000480                __aeabi_ldiv0
 *(.text*)
 .text.main     0x0000000008000484       0x3c ./Core/Src/main.o
                0x0000000008000484                main
 .text.SystemClock_Config
                0x00000000080004c0       0x98 ./Core/Src/main.o
                0x00000000080004c0                SystemClock_Config
 .text.MX_USART2_UART_Init
                0x0000000008000558       0x54 ./Core/Src/main.o
 .text.MX_GPIO_Init
                0x00000000080005ac       0xcc ./Core/Src/main.o
 .text.Error_Handler
                0x0000000008000678        0xa ./Core/Src/main.o
                0x0000000008000678                Error_Handler
 *fill*         0x0000000008000682        0x2 
 .text.HAL_MspInit
                0x0000000008000684       0x60 ./Core/Src/stm32l1xx_hal_msp.o
                0x0000000008000684                HAL_MspInit
 .text.HAL_UART_MspInit
                0x00000000080006e4       0x88 ./Core/Src/stm32l1xx_hal_msp.o
                0x00000000080006e4                HAL_UART_MspInit
 .text.NMI_Handler
                0x000000000800076c        0x6 ./Core/Src/stm32l1xx_it.o
                0x000000000800076c                NMI_Handler
 .text.HardFault_Handler
                0x0000000008000772        0x6 ./Core/Src/stm32l1xx_it.o
                0x0000000008000772                HardFault_Handler
 .text.MemManage_Handler
                0x0000000008000778        0x6 ./Core/Src/stm32l1xx_it.o
                0x0000000008000778                MemManage_Handler
 .text.BusFault_Handler
                0x000000000800077e        0x6 ./Core/Src/stm32l1xx_it.o
                0x000000000800077e                BusFault_Handler
 .text.UsageFault_Handler
                0x0000000008000784        0x6 ./Core/Src/stm32l1xx_it.o
                0x0000000008000784                UsageFault_Handler
 .text.SVC_Handler
                0x000000000800078a        0xc ./Core/Src/stm32l1xx_it.o
                0x000000000800078a                SVC_Handler
 .text.DebugMon_Handler
                0x0000000008000796        0xc ./Core/Src/stm32l1xx_it.o
                0x0000000008000796                DebugMon_Handler
 .text.PendSV_Handler
                0x00000000080007a2        0xc ./Core/Src/stm32l1xx_it.o
                0x00000000080007a2                PendSV_Handler
 .text.SysTick_Handler
                0x00000000080007ae        0xc ./Core/Src/stm32l1xx_it.o
                0x00000000080007ae                SysTick_Handler
 *fill*         0x00000000080007ba        0x2 
 .text.USB_LP_IRQHandler
                0x00000000080007bc       0x14 ./Core/Src/stm32l1xx_it.o
                0x00000000080007bc                USB_LP_IRQHandler
 .text.SystemInit
                0x00000000080007d0        0xc ./Core/Src/system_stm32l1xx.o
                0x00000000080007d0                SystemInit
 .text.Reset_Handler
                0x00000000080007dc       0x48 ./Core/Startup/startup_stm32l152retx.o
                0x00000000080007dc                Reset_Handler
 .text.Default_Handler
                0x0000000008000824        0x2 ./Core/Startup/startup_stm32l152retx.o
                0x0000000008000824                RTC_Alarm_IRQHandler
                0x0000000008000824                EXTI2_IRQHandler
                0x0000000008000824                COMP_ACQ_IRQHandler
                0x0000000008000824                TIM10_IRQHandler
                0x0000000008000824                USB_HP_IRQHandler
                0x0000000008000824                TIM6_IRQHandler
                0x0000000008000824                PVD_IRQHandler
                0x0000000008000824                EXTI3_IRQHandler
                0x0000000008000824                EXTI0_IRQHandler
                0x0000000008000824                I2C2_EV_IRQHandler
                0x0000000008000824                SPI1_IRQHandler
                0x0000000008000824                USB_FS_WKUP_IRQHandler
                0x0000000008000824                DMA2_Channel2_IRQHandler
                0x0000000008000824                DMA1_Channel4_IRQHandler
                0x0000000008000824                ADC1_IRQHandler
                0x0000000008000824                USART3_IRQHandler
                0x0000000008000824                DMA1_Channel7_IRQHandler
                0x0000000008000824                LCD_IRQHandler
                0x0000000008000824                UART5_IRQHandler
                0x0000000008000824                TIM4_IRQHandler
                0x0000000008000824                DMA2_Channel1_IRQHandler
                0x0000000008000824                I2C1_EV_IRQHandler
                0x0000000008000824                DMA1_Channel6_IRQHandler
                0x0000000008000824                UART4_IRQHandler
                0x0000000008000824                DMA2_Channel4_IRQHandler
                0x0000000008000824                TIM3_IRQHandler
                0x0000000008000824                RCC_IRQHandler
                0x0000000008000824                DMA1_Channel1_IRQHandler
                0x0000000008000824                Default_Handler
                0x0000000008000824                EXTI15_10_IRQHandler
                0x0000000008000824                TIM7_IRQHandler
                0x0000000008000824                TIM5_IRQHandler
                0x0000000008000824                EXTI9_5_IRQHandler
                0x0000000008000824                TIM9_IRQHandler
                0x0000000008000824                TAMPER_STAMP_IRQHandler
                0x0000000008000824                RTC_WKUP_IRQHandler
                0x0000000008000824                SPI2_IRQHandler
                0x0000000008000824                DMA2_Channel5_IRQHandler
                0x0000000008000824                DMA1_Channel5_IRQHandler
                0x0000000008000824                EXTI4_IRQHandler
                0x0000000008000824                DMA1_Channel3_IRQHandler
                0x0000000008000824                COMP_IRQHandler
                0x0000000008000824                WWDG_IRQHandler
                0x0000000008000824                TIM2_IRQHandler
                0x0000000008000824                DAC_IRQHandler
                0x0000000008000824                EXTI1_IRQHandler
                0x0000000008000824                TIM11_IRQHandler
                0x0000000008000824                USART2_IRQHandler
                0x0000000008000824                I2C2_ER_IRQHandler
                0x0000000008000824                DMA1_Channel2_IRQHandler
                0x0000000008000824                FLASH_IRQHandler
                0x0000000008000824                USART1_IRQHandler
                0x0000000008000824                SPI3_IRQHandler
                0x0000000008000824                I2C1_ER_IRQHandler
                0x0000000008000824                DMA2_Channel3_IRQHandler
 .text.HAL_Init
                0x0000000008000826       0x30 ./Drivers/STM32L1xx_HAL_Driver/Src/stm32l1xx_hal.o
                0x0000000008000826                HAL_Init
 *fill*         0x0000000008000856        0x2 
 .text.HAL_InitTick
                0x0000000008000858       0x74 ./Drivers/STM32L1xx_HAL_Driver/Src/stm32l1xx_hal.o
                0x0000000008000858                HAL_InitTick
 .text.HAL_IncTick
                0x00000000080008cc       0x24 ./Drivers/STM32L1xx_HAL_Driver/Src/stm32l1xx_hal.o
                0x00000000080008cc                HAL_IncTick
 .text.HAL_GetTick
                0x00000000080008f0       0x14 ./Drivers/STM32L1xx_HAL_Driver/Src/stm32l1xx_hal.o
                0x00000000080008f0                HAL_GetTick
 .text.HAL_Delay
                0x0000000008000904       0x44 ./Drivers/STM32L1xx_HAL_Driver/Src/stm32l1xx_hal.o
                0x0000000008000904                HAL_Delay
 .text.__NVIC_SetPriorityGrouping
                0x0000000008000948       0x48 ./Drivers/STM32L1xx_HAL_Driver/Src/stm32l1xx_hal_cortex.o
 .text.__NVIC_GetPriorityGrouping
                0x0000000008000990       0x1c ./Drivers/STM32L1xx_HAL_Driver/Src/stm32l1xx_hal_cortex.o
 .text.__NVIC_EnableIRQ
                0x00000000080009ac       0x38 ./Drivers/STM32L1xx_HAL_Driver/Src/stm32l1xx_hal_cortex.o
 .text.__NVIC_SetPriority
                0x00000000080009e4       0x54 ./Drivers/STM32L1xx_HAL_Driver/Src/stm32l1xx_hal_cortex.o
 .text.NVIC_EncodePriority
                0x0000000008000a38       0x64 ./Drivers/STM32L1xx_HAL_Driver/Src/stm32l1xx_hal_cortex.o
 .text.SysTick_Config
                0x0000000008000a9c       0x44 ./Drivers/STM32L1xx_HAL_Driver/Src/stm32l1xx_hal_cortex.o
 .text.HAL_NVIC_SetPriorityGrouping
                0x0000000008000ae0       0x16 ./Drivers/STM32L1xx_HAL_Driver/Src/stm32l1xx_hal_cortex.o
                0x0000000008000ae0                HAL_NVIC_SetPriorityGrouping
 .text.HAL_NVIC_SetPriority
                0x0000000008000af6       0x38 ./Drivers/STM32L1xx_HAL_Driver/Src/stm32l1xx_hal_cortex.o
                0x0000000008000af6                HAL_NVIC_SetPriority
 .text.HAL_NVIC_EnableIRQ
                0x0000000008000b2e       0x1c ./Drivers/STM32L1xx_HAL_Driver/Src/stm32l1xx_hal_cortex.o
                0x0000000008000b2e                HAL_NVIC_EnableIRQ
 .text.HAL_SYSTICK_Config
                0x0000000008000b4a       0x18 ./Drivers/STM32L1xx_HAL_Driver/Src/stm32l1xx_hal_cortex.o
                0x0000000008000b4a                HAL_SYSTICK_Config
 *fill*         0x0000000008000b62        0x2 
 .text.HAL_GPIO_Init
                0x0000000008000b64      0x320 ./Drivers/STM32L1xx_HAL_Driver/Src/stm32l1xx_hal_gpio.o
                0x0000000008000b64                HAL_GPIO_Init
 .text.HAL_GPIO_WritePin
                0x0000000008000e84       0x30 ./Drivers/STM32L1xx_HAL_Driver/Src/stm32l1xx_hal_gpio.o
                0x0000000008000e84                HAL_GPIO_WritePin
 .text.HAL_PCD_Init
                0x0000000008000eb4      0x1bc ./Drivers/STM32L1xx_HAL_Driver/Src/stm32l1xx_hal_pcd.o
                0x0000000008000eb4                HAL_PCD_Init
 .text.HAL_PCD_Start
                0x0000000008001070       0x4c ./Drivers/STM32L1xx_HAL_Driver/Src/stm32l1xx_hal_pcd.o
                0x0000000008001070                HAL_PCD_Start
 .text.HAL_PCD_IRQHandler
                0x00000000080010bc      0x1ee ./Drivers/STM32L1xx_HAL_Driver/Src/stm32l1xx_hal_pcd.o
                0x00000000080010bc                HAL_PCD_IRQHandler
 .text.HAL_PCD_SetAddress
                0x00000000080012aa       0x4a ./Drivers/STM32L1xx_HAL_Driver/Src/stm32l1xx_hal_pcd.o
                0x00000000080012aa                HAL_PCD_SetAddress
 .text.HAL_PCD_EP_Open
                0x00000000080012f4       0xcc ./Drivers/STM32L1xx_HAL_Driver/Src/stm32l1xx_hal_pcd.o
                0x00000000080012f4                HAL_PCD_EP_Open
 .text.HAL_PCD_EP_Close
                0x00000000080013c0       0x90 ./Drivers/STM32L1xx_HAL_Driver/Src/stm32l1xx_hal_pcd.o
                0x00000000080013c0                HAL_PCD_EP_Close
 .text.HAL_PCD_EP_Receive
                0x0000000008001450       0x7a ./Drivers/STM32L1xx_HAL_Driver/Src/stm32l1xx_hal_pcd.o
                0x0000000008001450                HAL_PCD_EP_Receive
 .text.HAL_PCD_EP_GetRxCount
                0x00000000080014ca       0x2e ./Drivers/STM32L1xx_HAL_Driver/Src/stm32l1xx_hal_pcd.o
                0x00000000080014ca                HAL_PCD_EP_GetRxCount
 .text.HAL_PCD_EP_Transmit
                0x00000000080014f8       0x86 ./Drivers/STM32L1xx_HAL_Driver/Src/stm32l1xx_hal_pcd.o
                0x00000000080014f8                HAL_PCD_EP_Transmit
 .text.HAL_PCD_EP_SetStall
                0x000000000800157e       0xa4 ./Drivers/STM32L1xx_HAL_Driver/Src/stm32l1xx_hal_pcd.o
                0x000000000800157e                HAL_PCD_EP_SetStall
 .text.HAL_PCD_EP_ClrStall
                0x0000000008001622       0xa8 ./Drivers/STM32L1xx_HAL_Driver/Src/stm32l1xx_hal_pcd.o
                0x0000000008001622                HAL_PCD_EP_ClrStall
 .text.PCD_EP_ISR_Handler
                0x00000000080016ca      0x600 ./Drivers/STM32L1xx_HAL_Driver/Src/stm32l1xx_hal_pcd.o
 .text.HAL_PCD_EP_DB_Receive
                0x0000000008001cca      0x21a ./Drivers/STM32L1xx_HAL_Driver/Src/stm32l1xx_hal_pcd.o
 .text.HAL_PCD_EP_DB_Transmit
                0x0000000008001ee4      0x7a4 ./Drivers/STM32L1xx_HAL_Driver/Src/stm32l1xx_hal_pcd.o
 .text.HAL_PCDEx_PMAConfig
                0x0000000008002688       0x84 ./Drivers/STM32L1xx_HAL_Driver/Src/stm32l1xx_hal_pcd_ex.o
                0x0000000008002688                HAL_PCDEx_PMAConfig
 .text.HAL_RCC_OscConfig
                0x000000000800270c      0x660 ./Drivers/STM32L1xx_HAL_Driver/Src/stm32l1xx_hal_rcc.o
                0x000000000800270c                HAL_RCC_OscConfig
 .text.HAL_RCC_ClockConfig
                0x0000000008002d6c      0x268 ./Drivers/STM32L1xx_HAL_Driver/Src/stm32l1xx_hal_rcc.o
                0x0000000008002d6c                HAL_RCC_ClockConfig
 .text.HAL_RCC_GetSysClockFreq
                0x0000000008002fd4      0x200 ./Drivers/STM32L1xx_HAL_Driver/Src/stm32l1xx_hal_rcc.o
                0x0000000008002fd4                HAL_RCC_GetSysClockFreq
 .text.HAL_RCC_GetHCLKFreq
                0x00000000080031d4       0x14 ./Drivers/STM32L1xx_HAL_Driver/Src/stm32l1xx_hal_rcc.o
                0x00000000080031d4                HAL_RCC_GetHCLKFreq
 .text.HAL_RCC_GetPCLK1Freq
                0x00000000080031e8       0x28 ./Drivers/STM32L1xx_HAL_Driver/Src/stm32l1xx_hal_rcc.o
                0x00000000080031e8                HAL_RCC_GetPCLK1Freq
 .text.HAL_RCC_GetPCLK2Freq
                0x0000000008003210       0x28 ./Drivers/STM32L1xx_HAL_Driver/Src/stm32l1xx_hal_rcc.o
                0x0000000008003210                HAL_RCC_GetPCLK2Freq
 .text.RCC_SetFlashLatencyFromMSIRange
                0x0000000008003238       0xc0 ./Drivers/STM32L1xx_HAL_Driver/Src/stm32l1xx_hal_rcc.o
 .text.HAL_UART_Init
                0x00000000080032f8       0x9a ./Drivers/STM32L1xx_HAL_Driver/Src/stm32l1xx_hal_uart.o
                0x00000000080032f8                HAL_UART_Init
 *fill*         0x0000000008003392        0x2 
 .text.UART_SetConfig
                0x0000000008003394      0x1c8 ./Drivers/STM32L1xx_HAL_Driver/Src/stm32l1xx_hal_uart.o
 .text.USB_EnableGlobalInt
                0x000000000800355c       0x2c ./Drivers/STM32L1xx_HAL_Driver/Src/stm32l1xx_ll_usb.o
                0x000000000800355c                USB_EnableGlobalInt
 .text.USB_DisableGlobalInt
                0x0000000008003588       0x34 ./Drivers/STM32L1xx_HAL_Driver/Src/stm32l1xx_ll_usb.o
                0x0000000008003588                USB_DisableGlobalInt
 .text.USB_DevInit
                0x00000000080035bc       0x40 ./Drivers/STM32L1xx_HAL_Driver/Src/stm32l1xx_ll_usb.o
                0x00000000080035bc                USB_DevInit
 .text.USB_ActivateEndpoint
                0x00000000080035fc      0x6d4 ./Drivers/STM32L1xx_HAL_Driver/Src/stm32l1xx_ll_usb.o
                0x00000000080035fc                USB_ActivateEndpoint
 .text.USB_DeactivateEndpoint
                0x0000000008003cd0      0x3d8 ./Drivers/STM32L1xx_HAL_Driver/Src/stm32l1xx_ll_usb.o
                0x0000000008003cd0                USB_DeactivateEndpoint
 .text.USB_EPStartXfer
                0x00000000080040a8     0x1c70 ./Drivers/STM32L1xx_HAL_Driver/Src/stm32l1xx_ll_usb.o
                0x00000000080040a8                USB_EPStartXfer
 .text.USB_EPSetStall
                0x0000000008005d18       0xa0 ./Drivers/STM32L1xx_HAL_Driver/Src/stm32l1xx_ll_usb.o
                0x0000000008005d18                USB_EPSetStall
 .text.USB_EPClearStall
                0x0000000008005db8      0x15a ./Drivers/STM32L1xx_HAL_Driver/Src/stm32l1xx_ll_usb.o
                0x0000000008005db8                USB_EPClearStall
 .text.USB_SetDevAddress
                0x0000000008005f12       0x26 ./Drivers/STM32L1xx_HAL_Driver/Src/stm32l1xx_ll_usb.o
                0x0000000008005f12                USB_SetDevAddress
 .text.USB_DevConnect
                0x0000000008005f38       0x14 ./Drivers/STM32L1xx_HAL_Driver/Src/stm32l1xx_ll_usb.o
                0x0000000008005f38                USB_DevConnect
 .text.USB_ReadInterrupts
                0x0000000008005f4c       0x1e ./Drivers/STM32L1xx_HAL_Driver/Src/stm32l1xx_ll_usb.o
                0x0000000008005f4c                USB_ReadInterrupts
 .text.USB_WritePMA
                0x0000000008005f6a       0x8a ./Drivers/STM32L1xx_HAL_Driver/Src/stm32l1xx_ll_usb.o
                0x0000000008005f6a                USB_WritePMA
 .text.USB_ReadPMA
                0x0000000008005ff4       0x9e ./Drivers/STM32L1xx_HAL_Driver/Src/stm32l1xx_ll_usb.o
                0x0000000008005ff4                USB_ReadPMA
 .text.USBD_CDC_Init
                0x0000000008006092       0xf4 ./Middlewares/ST/STM32_USB_Device_Library/Class/CDC/Src/usbd_cdc.o
 .text.USBD_CDC_DeInit
                0x0000000008006186       0x6e ./Middlewares/ST/STM32_USB_Device_Library/Class/CDC/Src/usbd_cdc.o
 .text.USBD_CDC_Setup
                0x00000000080061f4      0x146 ./Middlewares/ST/STM32_USB_Device_Library/Class/CDC/Src/usbd_cdc.o
 .text.USBD_CDC_DataIn
                0x000000000800633a       0xa6 ./Middlewares/ST/STM32_USB_Device_Library/Class/CDC/Src/usbd_cdc.o
 .text.USBD_CDC_DataOut
                0x00000000080063e0       0x56 ./Middlewares/ST/STM32_USB_Device_Library/Class/CDC/Src/usbd_cdc.o
 .text.USBD_CDC_EP0_RxReady
                0x0000000008006436       0x50 ./Middlewares/ST/STM32_USB_Device_Library/Class/CDC/Src/usbd_cdc.o
 *fill*         0x0000000008006486        0x2 
 .text.USBD_CDC_GetFSCfgDesc
                0x0000000008006488       0x20 ./Middlewares/ST/STM32_USB_Device_Library/Class/CDC/Src/usbd_cdc.o
 .text.USBD_CDC_GetHSCfgDesc
                0x00000000080064a8       0x20 ./Middlewares/ST/STM32_USB_Device_Library/Class/CDC/Src/usbd_cdc.o
 .text.USBD_CDC_GetOtherSpeedCfgDesc
                0x00000000080064c8       0x20 ./Middlewares/ST/STM32_USB_Device_Library/Class/CDC/Src/usbd_cdc.o
 .text.USBD_CDC_GetDeviceQualifierDescriptor
                0x00000000080064e8       0x20 ./Middlewares/ST/STM32_USB_Device_Library/Class/CDC/Src/usbd_cdc.o
                0x00000000080064e8                USBD_CDC_GetDeviceQualifierDescriptor
 .text.USBD_CDC_RegisterInterface
                0x0000000008006508       0x2c ./Middlewares/ST/STM32_USB_Device_Library/Class/CDC/Src/usbd_cdc.o
                0x0000000008006508                USBD_CDC_RegisterInterface
 .text.USBD_CDC_SetTxBuffer
                0x0000000008006534       0x32 ./Middlewares/ST/STM32_USB_Device_Library/Class/CDC/Src/usbd_cdc.o
                0x0000000008006534                USBD_CDC_SetTxBuffer
 .text.USBD_CDC_SetRxBuffer
                0x0000000008006566       0x26 ./Middlewares/ST/STM32_USB_Device_Library/Class/CDC/Src/usbd_cdc.o
                0x0000000008006566                USBD_CDC_SetRxBuffer
 .text.USBD_CDC_TransmitPacket
                0x000000000800658c       0x5e ./Middlewares/ST/STM32_USB_Device_Library/Class/CDC/Src/usbd_cdc.o
                0x000000000800658c                USBD_CDC_TransmitPacket
 .text.USBD_CDC_ReceivePacket
                0x00000000080065ea       0x54 ./Middlewares/ST/STM32_USB_Device_Library/Class/CDC/Src/usbd_cdc.o
                0x00000000080065ea                USBD_CDC_ReceivePacket
 .text.USBD_Init
                0x000000000800663e       0x56 ./Middlewares/ST/STM32_USB_Device_Library/Core/Src/usbd_core.o
                0x000000000800663e                USBD_Init
 .text.USBD_RegisterClass
                0x0000000008006694       0x32 ./Middlewares/ST/STM32_USB_Device_Library/Core/Src/usbd_core.o
                0x0000000008006694                USBD_RegisterClass
 .text.USBD_Start
                0x00000000080066c6       0x18 ./Middlewares/ST/STM32_USB_Device_Library/Core/Src/usbd_core.o
                0x00000000080066c6                USBD_Start
 .text.USBD_RunTestMode
                0x00000000080066de       0x14 ./Middlewares/ST/STM32_USB_Device_Library/Core/Src/usbd_core.o
                0x00000000080066de                USBD_RunTestMode
 .text.USBD_SetClassConfig
                0x00000000080066f2       0x3e ./Middlewares/ST/STM32_USB_Device_Library/Core/Src/usbd_core.o
                0x00000000080066f2                USBD_SetClassConfig
 .text.USBD_ClrClassConfig
                0x0000000008006730       0x26 ./Middlewares/ST/STM32_USB_Device_Library/Core/Src/usbd_core.o
                0x0000000008006730                USBD_ClrClassConfig
 .text.USBD_LL_SetupStage
                0x0000000008006756       0x9a ./Middlewares/ST/STM32_USB_Device_Library/Core/Src/usbd_core.o
                0x0000000008006756                USBD_LL_SetupStage
 .text.USBD_LL_DataOutStage
                0x00000000080067f0       0xe2 ./Middlewares/ST/STM32_USB_Device_Library/Core/Src/usbd_core.o
                0x00000000080067f0                USBD_LL_DataOutStage
 .text.USBD_LL_DataInStage
                0x00000000080068d2      0x14a ./Middlewares/ST/STM32_USB_Device_Library/Core/Src/usbd_core.o
                0x00000000080068d2                USBD_LL_DataInStage
 .text.USBD_LL_Reset
                0x0000000008006a1c       0x82 ./Middlewares/ST/STM32_USB_Device_Library/Core/Src/usbd_core.o
                0x0000000008006a1c                USBD_LL_Reset
 .text.USBD_LL_SetSpeed
                0x0000000008006a9e       0x1e ./Middlewares/ST/STM32_USB_Device_Library/Core/Src/usbd_core.o
                0x0000000008006a9e                USBD_LL_SetSpeed
 .text.USBD_LL_Suspend
                0x0000000008006abc       0x28 ./Middlewares/ST/STM32_USB_Device_Library/Core/Src/usbd_core.o
                0x0000000008006abc                USBD_LL_Suspend
 .text.USBD_LL_Resume
                0x0000000008006ae4       0x20 ./Middlewares/ST/STM32_USB_Device_Library/Core/Src/usbd_core.o
                0x0000000008006ae4                USBD_LL_Resume
 .text.USBD_LL_SOF
                0x0000000008006b04       0x34 ./Middlewares/ST/STM32_USB_Device_Library/Core/Src/usbd_core.o
                0x0000000008006b04                USBD_LL_SOF
 .text.USBD_StdDevReq
                0x0000000008006b38       0xd4 ./Middlewares/ST/STM32_USB_Device_Library/Core/Src/usbd_ctlreq.o
                0x0000000008006b38                USBD_StdDevReq
 .text.USBD_StdItfReq
                0x0000000008006c0c       0x90 ./Middlewares/ST/STM32_USB_Device_Library/Core/Src/usbd_ctlreq.o
                0x0000000008006c0c                USBD_StdItfReq
 .text.USBD_StdEPReq
                0x0000000008006c9c      0x2c2 ./Middlewares/ST/STM32_USB_Device_Library/Core/Src/usbd_ctlreq.o
                0x0000000008006c9c                USBD_StdEPReq
 *fill*         0x0000000008006f5e        0x2 
 .text.USBD_GetDescriptor
                0x0000000008006f60      0x1f4 ./Middlewares/ST/STM32_USB_Device_Library/Core/Src/usbd_ctlreq.o
 .text.USBD_SetAddress
                0x0000000008007154       0x86 ./Middlewares/ST/STM32_USB_Device_Library/Core/Src/usbd_ctlreq.o
 *fill*         0x00000000080071da        0x2 
 .text.USBD_SetConfig
                0x00000000080071dc      0x11c ./Middlewares/ST/STM32_USB_Device_Library/Core/Src/usbd_ctlreq.o
 .text.USBD_GetConfig
                0x00000000080072f8       0x6a ./Middlewares/ST/STM32_USB_Device_Library/Core/Src/usbd_ctlreq.o
 .text.USBD_GetStatus
                0x0000000008007362       0x66 ./Middlewares/ST/STM32_USB_Device_Library/Core/Src/usbd_ctlreq.o
 .text.USBD_SetFeature
                0x00000000080073c8       0x28 ./Middlewares/ST/STM32_USB_Device_Library/Core/Src/usbd_ctlreq.o
 .text.USBD_ClrFeature
                0x00000000080073f0       0x42 ./Middlewares/ST/STM32_USB_Device_Library/Core/Src/usbd_ctlreq.o
 .text.USBD_ParseSetupRequest
                0x0000000008007432       0x78 ./Middlewares/ST/STM32_USB_Device_Library/Core/Src/usbd_ctlreq.o
                0x0000000008007432                USBD_ParseSetupRequest
 .text.USBD_CtlError
                0x00000000080074aa       0x22 ./Middlewares/ST/STM32_USB_Device_Library/Core/Src/usbd_ctlreq.o
                0x00000000080074aa                USBD_CtlError
 .text.USBD_GetString
                0x00000000080074cc       0x84 ./Middlewares/ST/STM32_USB_Device_Library/Core/Src/usbd_ctlreq.o
                0x00000000080074cc                USBD_GetString
 .text.USBD_GetLen
                0x0000000008007550       0x2e ./Middlewares/ST/STM32_USB_Device_Library/Core/Src/usbd_ctlreq.o
 .text.USBD_CtlSendData
                0x000000000800757e       0x38 ./Middlewares/ST/STM32_USB_Device_Library/Core/Src/usbd_ioreq.o
                0x000000000800757e                USBD_CtlSendData
 .text.USBD_CtlContinueSendData
                0x00000000080075b6       0x24 ./Middlewares/ST/STM32_USB_Device_Library/Core/Src/usbd_ioreq.o
                0x00000000080075b6                USBD_CtlContinueSendData
 .text.USBD_CtlPrepareRx
                0x00000000080075da       0x3c ./Middlewares/ST/STM32_USB_Device_Library/Core/Src/usbd_ioreq.o
                0x00000000080075da                USBD_CtlPrepareRx
 .text.USBD_CtlContinueRx
                0x0000000008007616       0x24 ./Middlewares/ST/STM32_USB_Device_Library/Core/Src/usbd_ioreq.o
                0x0000000008007616                USBD_CtlContinueRx
 .text.USBD_CtlSendStatus
                0x000000000800763a       0x26 ./Middlewares/ST/STM32_USB_Device_Library/Core/Src/usbd_ioreq.o
                0x000000000800763a                USBD_CtlSendStatus
 .text.USBD_CtlReceiveStatus
                0x0000000008007660       0x26 ./Middlewares/ST/STM32_USB_Device_Library/Core/Src/usbd_ioreq.o
                0x0000000008007660                USBD_CtlReceiveStatus
 *fill*         0x0000000008007686        0x2 
 .text.MX_USB_DEVICE_Init
                0x0000000008007688       0x60 ./USB_DEVICE/App/usb_device.o
                0x0000000008007688                MX_USB_DEVICE_Init
 .text.CDC_Init_FS
                0x00000000080076e8       0x28 ./USB_DEVICE/App/usbd_cdc_if.o
 .text.CDC_DeInit_FS
                0x0000000008007710        0xe ./USB_DEVICE/App/usbd_cdc_if.o
 *fill*         0x000000000800771e        0x2 
 .text.CDC_Control_FS
                0x0000000008007720       0xbc ./USB_DEVICE/App/usbd_cdc_if.o
 .text.CDC_Receive_FS
                0x00000000080077dc       0x28 ./USB_DEVICE/App/usbd_cdc_if.o
 .text.CDC_Transmit_FS
                0x0000000008007804       0x4c ./USB_DEVICE/App/usbd_cdc_if.o
                0x0000000008007804                CDC_Transmit_FS
 .text.USBD_FS_DeviceDescriptor
                0x0000000008007850       0x24 ./USB_DEVICE/App/usbd_desc.o
                0x0000000008007850                USBD_FS_DeviceDescriptor
 .text.USBD_FS_LangIDStrDescriptor
                0x0000000008007874       0x24 ./USB_DEVICE/App/usbd_desc.o
                0x0000000008007874                USBD_FS_LangIDStrDescriptor
 .text.USBD_FS_ProductStrDescriptor
                0x0000000008007898       0x3c ./USB_DEVICE/App/usbd_desc.o
                0x0000000008007898                USBD_FS_ProductStrDescriptor
 .text.USBD_FS_ManufacturerStrDescriptor
                0x00000000080078d4       0x28 ./USB_DEVICE/App/usbd_desc.o
                0x00000000080078d4                USBD_FS_ManufacturerStrDescriptor
 .text.USBD_FS_SerialStrDescriptor
                0x00000000080078fc       0x24 ./USB_DEVICE/App/usbd_desc.o
                0x00000000080078fc                USBD_FS_SerialStrDescriptor
 .text.USBD_FS_ConfigStrDescriptor
                0x0000000008007920       0x3c ./USB_DEVICE/App/usbd_desc.o
                0x0000000008007920                USBD_FS_ConfigStrDescriptor
 .text.USBD_FS_InterfaceStrDescriptor
                0x000000000800795c       0x3c ./USB_DEVICE/App/usbd_desc.o
                0x000000000800795c                USBD_FS_InterfaceStrDescriptor
 .text.Get_SerialNum
                0x0000000008007998       0x58 ./USB_DEVICE/App/usbd_desc.o
 .text.IntToUnicode
                0x00000000080079f0       0x7c ./USB_DEVICE/App/usbd_desc.o
 .text.HAL_PCDEx_SetConnectionState
                0x0000000008007a6c       0x3c ./USB_DEVICE/Target/usbd_conf.o
                0x0000000008007a6c                HAL_PCDEx_SetConnectionState
 .text.HAL_PCD_MspInit
                0x0000000008007aa8       0x4c ./USB_DEVICE/Target/usbd_conf.o
                0x0000000008007aa8                HAL_PCD_MspInit
 .text.HAL_PCD_SetupStageCallback
                0x0000000008007af4       0x24 ./USB_DEVICE/Target/usbd_conf.o
                0x0000000008007af4                HAL_PCD_SetupStageCallback
 .text.HAL_PCD_DataOutStageCallback
                0x0000000008007b18       0x36 ./USB_DEVICE/Target/usbd_conf.o
                0x0000000008007b18                HAL_PCD_DataOutStageCallback
 .text.HAL_PCD_DataInStageCallback
                0x0000000008007b4e       0x34 ./USB_DEVICE/Target/usbd_conf.o
                0x0000000008007b4e                HAL_PCD_DataInStageCallback
 .text.HAL_PCD_SOFCallback
                0x0000000008007b82       0x1c ./USB_DEVICE/Target/usbd_conf.o
                0x0000000008007b82                HAL_PCD_SOFCallback
 .text.HAL_PCD_ResetCallback
                0x0000000008007b9e       0x3c ./USB_DEVICE/Target/usbd_conf.o
                0x0000000008007b9e                HAL_PCD_ResetCallback
 *fill*         0x0000000008007bda        0x2 
 .text.HAL_PCD_SuspendCallback
                0x0000000008007bdc       0x34 ./USB_DEVICE/Target/usbd_conf.o
                0x0000000008007bdc                HAL_PCD_SuspendCallback
 .text.HAL_PCD_ResumeCallback
                0x0000000008007c10       0x1c ./USB_DEVICE/Target/usbd_conf.o
                0x0000000008007c10                HAL_PCD_ResumeCallback
 .text.USBD_LL_Init
                0x0000000008007c2c       0xb4 ./USB_DEVICE/Target/usbd_conf.o
                0x0000000008007c2c                USBD_LL_Init
 .text.USBD_LL_Start
                0x0000000008007ce0       0x36 ./USB_DEVICE/Target/usbd_conf.o
                0x0000000008007ce0                USBD_LL_Start
 .text.USBD_LL_OpenEP
                0x0000000008007d16       0x4c ./USB_DEVICE/Target/usbd_conf.o
                0x0000000008007d16                USBD_LL_OpenEP
 .text.USBD_LL_CloseEP
                0x0000000008007d62       0x3e ./USB_DEVICE/Target/usbd_conf.o
                0x0000000008007d62                USBD_LL_CloseEP
 .text.USBD_LL_StallEP
                0x0000000008007da0       0x3e ./USB_DEVICE/Target/usbd_conf.o
                0x0000000008007da0                USBD_LL_StallEP
 .text.USBD_LL_ClearStallEP
                0x0000000008007dde       0x3e ./USB_DEVICE/Target/usbd_conf.o
                0x0000000008007dde                USBD_LL_ClearStallEP
 .text.USBD_LL_IsStallEP
                0x0000000008007e1c       0x58 ./USB_DEVICE/Target/usbd_conf.o
                0x0000000008007e1c                USBD_LL_IsStallEP
 .text.USBD_LL_SetUSBAddress
                0x0000000008007e74       0x3e ./USB_DEVICE/Target/usbd_conf.o
                0x0000000008007e74                USBD_LL_SetUSBAddress
 .text.USBD_LL_Transmit
                0x0000000008007eb2       0x46 ./USB_DEVICE/Target/usbd_conf.o
                0x0000000008007eb2                USBD_LL_Transmit
 .text.USBD_LL_PrepareReceive
                0x0000000008007ef8       0x46 ./USB_DEVICE/Target/usbd_conf.o
                0x0000000008007ef8                USBD_LL_PrepareReceive
 .text.USBD_LL_GetRxDataSize
                0x0000000008007f3e       0x26 ./USB_DEVICE/Target/usbd_conf.o
                0x0000000008007f3e                USBD_LL_GetRxDataSize
 .text.USBD_static_malloc
                0x0000000008007f64       0x18 ./USB_DEVICE/Target/usbd_conf.o
                0x0000000008007f64                USBD_static_malloc
 .text.USBD_static_free
                0x0000000008007f7c       0x12 ./USB_DEVICE/Target/usbd_conf.o
                0x0000000008007f7c                USBD_static_free
 *fill*         0x0000000008007f8e        0x2 
 .text.USBD_Get_USB_Status
                0x0000000008007f90       0x58 ./USB_DEVICE/Target/usbd_conf.o
 .text.__libc_init_array
                0x0000000008007fe8       0x48 c:/st/stm32cubeide_1.12.0/stm32cubeide/plugins/com.st.stm32cube.ide.mcu.externaltools.gnu-tools-for-stm32.10.3-2021.10.win32_1.0.200.202301161003/tools/bin/../lib/gcc/arm-none-eabi/10.3.1/../../../../arm-none-eabi/lib/thumb/v7-m/nofp\libc_nano.a(lib_a-init.o)
                0x0000000008007fe8                __libc_init_array
 .text.memset   0x0000000008008030       0x10 c:/st/stm32cubeide_1.12.0/stm32cubeide/plugins/com.st.stm32cube.ide.mcu.externaltools.gnu-tools-for-stm32.10.3-2021.10.win32_1.0.200.202301161003/tools/bin/../lib/gcc/arm-none-eabi/10.3.1/../../../../arm-none-eabi/lib/thumb/v7-m/nofp\libc_nano.a(lib_a-memset.o)
                0x0000000008008030                memset
 *(.glue_7)
 .glue_7        0x0000000008008040        0x0 linker stubs
 *(.glue_7t)
 .glue_7t       0x0000000008008040        0x0 linker stubs
 *(.eh_frame)
 .eh_frame      0x0000000008008040        0x0 c:/st/stm32cubeide_1.12.0/stm32cubeide/plugins/com.st.stm32cube.ide.mcu.externaltools.gnu-tools-for-stm32.10.3-2021.10.win32_1.0.200.202301161003/tools/bin/../lib/gcc/arm-none-eabi/10.3.1/thumb/v7-m/nofp/crtbegin.o
 *(.init)
 .init          0x0000000008008040        0x4 c:/st/stm32cubeide_1.12.0/stm32cubeide/plugins/com.st.stm32cube.ide.mcu.externaltools.gnu-tools-for-stm32.10.3-2021.10.win32_1.0.200.202301161003/tools/bin/../lib/gcc/arm-none-eabi/10.3.1/thumb/v7-m/nofp/crti.o
                0x0000000008008040                _init
 .init          0x0000000008008044        0x8 c:/st/stm32cubeide_1.12.0/stm32cubeide/plugins/com.st.stm32cube.ide.mcu.externaltools.gnu-tools-for-stm32.10.3-2021.10.win32_1.0.200.202301161003/tools/bin/../lib/gcc/arm-none-eabi/10.3.1/thumb/v7-m/nofp/crtn.o
 *(.fini)
 .fini          0x000000000800804c        0x4 c:/st/stm32cubeide_1.12.0/stm32cubeide/plugins/com.st.stm32cube.ide.mcu.externaltools.gnu-tools-for-stm32.10.3-2021.10.win32_1.0.200.202301161003/tools/bin/../lib/gcc/arm-none-eabi/10.3.1/thumb/v7-m/nofp/crti.o
                0x000000000800804c                _fini
 .fini          0x0000000008008050        0x8 c:/st/stm32cubeide_1.12.0/stm32cubeide/plugins/com.st.stm32cube.ide.mcu.externaltools.gnu-tools-for-stm32.10.3-2021.10.win32_1.0.200.202301161003/tools/bin/../lib/gcc/arm-none-eabi/10.3.1/thumb/v7-m/nofp/crtn.o
                0x0000000008008058                . = ALIGN (0x4)
                0x0000000008008058                _etext = .

.vfp11_veneer   0x0000000008008058        0x0
 .vfp11_veneer  0x0000000008008058        0x0 linker stubs

.v4_bx          0x0000000008008058        0x0
 .v4_bx         0x0000000008008058        0x0 linker stubs

.iplt           0x0000000008008058        0x0
 .iplt          0x0000000008008058        0x0 c:/st/stm32cubeide_1.12.0/stm32cubeide/plugins/com.st.stm32cube.ide.mcu.externaltools.gnu-tools-for-stm32.10.3-2021.10.win32_1.0.200.202301161003/tools/bin/../lib/gcc/arm-none-eabi/10.3.1/thumb/v7-m/nofp/crtbegin.o

.rodata         0x0000000008008058       0x7c
                0x0000000008008058                . = ALIGN (0x4)
 *(.rodata)
 .rodata        0x0000000008008058       0x10 ./Core/Src/main.o
 .rodata        0x0000000008008068       0x46 ./USB_DEVICE/App/usbd_desc.o
 *(.rodata*)
 *fill*         0x00000000080080ae        0x2 
 .rodata.PLLMulTable
                0x00000000080080b0        0x9 ./Core/Src/system_stm32l1xx.o
                0x00000000080080b0                PLLMulTable
 *fill*         0x00000000080080b9        0x3 
 .rodata.AHBPrescTable
                0x00000000080080bc       0x10 ./Core/Src/system_stm32l1xx.o
                0x00000000080080bc                AHBPrescTable
 .rodata.APBPrescTable
                0x00000000080080cc        0x8 ./Core/Src/system_stm32l1xx.o
                0x00000000080080cc                APBPrescTable
                0x00000000080080d4                . = ALIGN (0x4)

.ARM.extab      0x00000000080080d4        0x0
                0x00000000080080d4                . = ALIGN (0x4)
 *(.ARM.extab* .gnu.linkonce.armextab.*)
                0x00000000080080d4                . = ALIGN (0x4)

.ARM            0x00000000080080d4        0x8
                0x00000000080080d4                . = ALIGN (0x4)
                0x00000000080080d4                __exidx_start = .
 *(.ARM.exidx*)
 .ARM.exidx     0x00000000080080d4        0x8 c:/st/stm32cubeide_1.12.0/stm32cubeide/plugins/com.st.stm32cube.ide.mcu.externaltools.gnu-tools-for-stm32.10.3-2021.10.win32_1.0.200.202301161003/tools/bin/../lib/gcc/arm-none-eabi/10.3.1/thumb/v7-m/nofp\libgcc.a(_udivmoddi4.o)
                0x00000000080080dc                __exidx_end = .
                0x00000000080080dc                . = ALIGN (0x4)

.rel.dyn        0x00000000080080dc        0x0
 .rel.iplt      0x00000000080080dc        0x0 c:/st/stm32cubeide_1.12.0/stm32cubeide/plugins/com.st.stm32cube.ide.mcu.externaltools.gnu-tools-for-stm32.10.3-2021.10.win32_1.0.200.202301161003/tools/bin/../lib/gcc/arm-none-eabi/10.3.1/thumb/v7-m/nofp/crtbegin.o

.preinit_array  0x00000000080080dc        0x0
                0x00000000080080dc                . = ALIGN (0x4)
                0x00000000080080dc                PROVIDE (__preinit_array_start = .)
 *(.preinit_array*)
                0x00000000080080dc                PROVIDE (__preinit_array_end = .)
                0x00000000080080dc                . = ALIGN (0x4)

.init_array     0x00000000080080dc        0x4
                0x00000000080080dc                . = ALIGN (0x4)
                0x00000000080080dc                PROVIDE (__init_array_start = .)
 *(SORT_BY_NAME(.init_array.*))
 *(.init_array*)
 .init_array    0x00000000080080dc        0x4 c:/st/stm32cubeide_1.12.0/stm32cubeide/plugins/com.st.stm32cube.ide.mcu.externaltools.gnu-tools-for-stm32.10.3-2021.10.win32_1.0.200.202301161003/tools/bin/../lib/gcc/arm-none-eabi/10.3.1/thumb/v7-m/nofp/crtbegin.o
                0x00000000080080e0                PROVIDE (__init_array_end = .)
                0x00000000080080e0                . = ALIGN (0x4)

.fini_array     0x00000000080080e0        0x4
                0x00000000080080e0                . = ALIGN (0x4)
                [!provide]                        PROVIDE (__fini_array_start = .)
 *(SORT_BY_NAME(.fini_array.*))
 *(.fini_array*)
 .fini_array    0x00000000080080e0        0x4 c:/st/stm32cubeide_1.12.0/stm32cubeide/plugins/com.st.stm32cube.ide.mcu.externaltools.gnu-tools-for-stm32.10.3-2021.10.win32_1.0.200.202301161003/tools/bin/../lib/gcc/arm-none-eabi/10.3.1/thumb/v7-m/nofp/crtbegin.o
                [!provide]                        PROVIDE (__fini_array_end = .)
                0x00000000080080e4                . = ALIGN (0x4)
                0x00000000080080e4                _sidata = LOADADDR (.data)

.data           0x0000000020000000      0x17c load address 0x00000000080080e4
                0x0000000020000000                . = ALIGN (0x4)
                0x0000000020000000                _sdata = .
 *(.data)
 *(.data*)
 .data.SystemCoreClock
                0x0000000020000000        0x4 ./Core/Src/system_stm32l1xx.o
                0x0000000020000000                SystemCoreClock
 .data.uwTickPrio
                0x0000000020000004        0x4 ./Drivers/STM32L1xx_HAL_Driver/Src/stm32l1xx_hal.o
                0x0000000020000004                uwTickPrio
 .data.uwTickFreq
                0x0000000020000008        0x4 ./Drivers/STM32L1xx_HAL_Driver/Src/stm32l1xx_hal.o
                0x0000000020000008                uwTickFreq
 .data.USBD_CDC_DeviceQualifierDesc
                0x000000002000000c        0xa ./Middlewares/ST/STM32_USB_Device_Library/Class/CDC/Src/usbd_cdc.o
 *fill*         0x0000000020000016        0x2 
 .data.USBD_CDC
                0x0000000020000018       0x38 ./Middlewares/ST/STM32_USB_Device_Library/Class/CDC/Src/usbd_cdc.o
                0x0000000020000018                USBD_CDC
 .data.USBD_CDC_CfgHSDesc
                0x0000000020000050       0x43 ./Middlewares/ST/STM32_USB_Device_Library/Class/CDC/Src/usbd_cdc.o
                0x0000000020000050                USBD_CDC_CfgHSDesc
 *fill*         0x0000000020000093        0x1 
 .data.USBD_CDC_CfgFSDesc
                0x0000000020000094       0x43 ./Middlewares/ST/STM32_USB_Device_Library/Class/CDC/Src/usbd_cdc.o
                0x0000000020000094                USBD_CDC_CfgFSDesc
 *fill*         0x00000000200000d7        0x1 
 .data.USBD_CDC_OtherSpeedCfgDesc
                0x00000000200000d8       0x43 ./Middlewares/ST/STM32_USB_Device_Library/Class/CDC/Src/usbd_cdc.o
                0x00000000200000d8                USBD_CDC_OtherSpeedCfgDesc
 *fill*         0x000000002000011b        0x1 
 .data.USBD_Interface_fops_FS
                0x000000002000011c       0x10 ./USB_DEVICE/App/usbd_cdc_if.o
                0x000000002000011c                USBD_Interface_fops_FS
 .data.FS_Desc  0x000000002000012c       0x1c ./USB_DEVICE/App/usbd_desc.o
                0x000000002000012c                FS_Desc
 .data.USBD_FS_DeviceDesc
                0x0000000020000148       0x12 ./USB_DEVICE/App/usbd_desc.o
                0x0000000020000148                USBD_FS_DeviceDesc
 *fill*         0x000000002000015a        0x2 
 .data.USBD_LangIDDesc
                0x000000002000015c        0x4 ./USB_DEVICE/App/usbd_desc.o
                0x000000002000015c                USBD_LangIDDesc
 .data.USBD_StringSerial
                0x0000000020000160       0x1a ./USB_DEVICE/App/usbd_desc.o
                0x0000000020000160                USBD_StringSerial
 *(.RamFunc)
 *(.RamFunc*)
                0x000000002000017c                . = ALIGN (0x4)
 *fill*         0x000000002000017a        0x2 
                0x000000002000017c                _edata = .

.igot.plt       0x000000002000017c        0x0 load address 0x0000000008008260
 .igot.plt      0x000000002000017c        0x0 c:/st/stm32cubeide_1.12.0/stm32cubeide/plugins/com.st.stm32cube.ide.mcu.externaltools.gnu-tools-for-stm32.10.3-2021.10.win32_1.0.200.202301161003/tools/bin/../lib/gcc/arm-none-eabi/10.3.1/thumb/v7-m/nofp/crtbegin.o
                0x000000002000017c                . = ALIGN (0x4)

.bss            0x000000002000017c     0x1a10 load address 0x0000000008008260
                0x000000002000017c                _sbss = .
                0x000000002000017c                __bss_start__ = _sbss
 *(.bss)
 .bss           0x000000002000017c       0x1c c:/st/stm32cubeide_1.12.0/stm32cubeide/plugins/com.st.stm32cube.ide.mcu.externaltools.gnu-tools-for-stm32.10.3-2021.10.win32_1.0.200.202301161003/tools/bin/../lib/gcc/arm-none-eabi/10.3.1/thumb/v7-m/nofp/crtbegin.o
 *(.bss*)
 .bss.huart2    0x0000000020000198       0x44 ./Core/Src/main.o
                0x0000000020000198                huart2
 .bss.uwTick    0x00000000200001dc        0x4 ./Drivers/STM32L1xx_HAL_Driver/Src/stm32l1xx_hal.o
                0x00000000200001dc                uwTick
 .bss.cfgidx.0  0x00000000200001e0        0x1 ./Middlewares/ST/STM32_USB_Device_Library/Core/Src/usbd_ctlreq.o
 *fill*         0x00000000200001e1        0x3 
 .bss.hUsbDeviceFS
                0x00000000200001e4      0x29c ./USB_DEVICE/App/usb_device.o
                0x00000000200001e4                hUsbDeviceFS
 .bss.UserRxBufferFS
                0x0000000020000480      0x800 ./USB_DEVICE/App/usbd_cdc_if.o
                0x0000000020000480                UserRxBufferFS
 .bss.UserTxBufferFS
                0x0000000020000c80      0x800 ./USB_DEVICE/App/usbd_cdc_if.o
                0x0000000020000c80                UserTxBufferFS
 .bss.USBD_StrDesc
                0x0000000020001480      0x200 ./USB_DEVICE/App/usbd_desc.o
                0x0000000020001480                USBD_StrDesc
 .bss.hpcd_USB_FS
                0x0000000020001680      0x2ec ./USB_DEVICE/Target/usbd_conf.o
                0x0000000020001680                hpcd_USB_FS
 .bss.mem.0     0x000000002000196c      0x220 ./USB_DEVICE/Target/usbd_conf.o
 *(COMMON)
                0x0000000020001b8c                . = ALIGN (0x4)
                0x0000000020001b8c                _ebss = .
                0x0000000020001b8c                __bss_end__ = _ebss

._user_heap_stack
                0x0000000020001b8c      0x504 load address 0x0000000008008260
                0x0000000020001b90                . = ALIGN (0x8)
 *fill*         0x0000000020001b8c        0x4 
                [!provide]                        PROVIDE (end = .)
                0x0000000020001b90                PROVIDE (_end = .)
                0x0000000020001c90                . = (. + _Min_Heap_Size)
 *fill*         0x0000000020001b90      0x100 
                0x0000000020002090                . = (. + _Min_Stack_Size)
 *fill*         0x0000000020001c90      0x400 
                0x0000000020002090                . = ALIGN (0x8)

/DISCARD/
 libc.a(*)
 libm.a(*)
 libgcc.a(*)

.ARM.attributes
                0x0000000000000000       0x29
 *(.ARM.attributes)
 .ARM.attributes
                0x0000000000000000       0x1d c:/st/stm32cubeide_1.12.0/stm32cubeide/plugins/com.st.stm32cube.ide.mcu.externaltools.gnu-tools-for-stm32.10.3-2021.10.win32_1.0.200.202301161003/tools/bin/../lib/gcc/arm-none-eabi/10.3.1/thumb/v7-m/nofp/crti.o
 .ARM.attributes
                0x000000000000001d       0x2d c:/st/stm32cubeide_1.12.0/stm32cubeide/plugins/com.st.stm32cube.ide.mcu.externaltools.gnu-tools-for-stm32.10.3-2021.10.win32_1.0.200.202301161003/tools/bin/../lib/gcc/arm-none-eabi/10.3.1/thumb/v7-m/nofp/crtbegin.o
 .ARM.attributes
                0x000000000000004a       0x2d ./Core/Src/main.o
 .ARM.attributes
                0x0000000000000077       0x2d ./Core/Src/stm32l1xx_hal_msp.o
 .ARM.attributes
                0x00000000000000a4       0x2d ./Core/Src/stm32l1xx_it.o
 .ARM.attributes
                0x00000000000000d1       0x2d ./Core/Src/system_stm32l1xx.o
 .ARM.attributes
                0x00000000000000fe       0x21 ./Core/Startup/startup_stm32l152retx.o
 .ARM.attributes
                0x000000000000011f       0x2d ./Drivers/STM32L1xx_HAL_Driver/Src/stm32l1xx_hal.o
 .ARM.attributes
                0x000000000000014c       0x2d ./Drivers/STM32L1xx_HAL_Driver/Src/stm32l1xx_hal_cortex.o
 .ARM.attributes
                0x0000000000000179       0x2d ./Drivers/STM32L1xx_HAL_Driver/Src/stm32l1xx_hal_gpio.o
 .ARM.attributes
                0x00000000000001a6       0x2d ./Drivers/STM32L1xx_HAL_Driver/Src/stm32l1xx_hal_pcd.o
 .ARM.attributes
                0x00000000000001d3       0x2d ./Drivers/STM32L1xx_HAL_Driver/Src/stm32l1xx_hal_pcd_ex.o
 .ARM.attributes
                0x0000000000000200       0x2d ./Drivers/STM32L1xx_HAL_Driver/Src/stm32l1xx_hal_rcc.o
 .ARM.attributes
                0x000000000000022d       0x2d ./Drivers/STM32L1xx_HAL_Driver/Src/stm32l1xx_hal_uart.o
 .ARM.attributes
                0x000000000000025a       0x2d ./Drivers/STM32L1xx_HAL_Driver/Src/stm32l1xx_ll_usb.o
 .ARM.attributes
                0x0000000000000287       0x2d ./Middlewares/ST/STM32_USB_Device_Library/Class/CDC/Src/usbd_cdc.o
 .ARM.attributes
                0x00000000000002b4       0x2d ./Middlewares/ST/STM32_USB_Device_Library/Core/Src/usbd_core.o
 .ARM.attributes
                0x00000000000002e1       0x2d ./Middlewares/ST/STM32_USB_Device_Library/Core/Src/usbd_ctlreq.o
 .ARM.attributes
                0x000000000000030e       0x2d ./Middlewares/ST/STM32_USB_Device_Library/Core/Src/usbd_ioreq.o
 .ARM.attributes
                0x000000000000033b       0x2d ./USB_DEVICE/App/usb_device.o
 .ARM.attributes
                0x0000000000000368       0x2d ./USB_DEVICE/App/usbd_cdc_if.o
 .ARM.attributes
                0x0000000000000395       0x2d ./USB_DEVICE/App/usbd_desc.o
 .ARM.attributes
                0x00000000000003c2       0x2d ./USB_DEVICE/Target/usbd_conf.o
 .ARM.attributes
                0x00000000000003ef       0x2d c:/st/stm32cubeide_1.12.0/stm32cubeide/plugins/com.st.stm32cube.ide.mcu.externaltools.gnu-tools-for-stm32.10.3-2021.10.win32_1.0.200.202301161003/tools/bin/../lib/gcc/arm-none-eabi/10.3.1/../../../../arm-none-eabi/lib/thumb/v7-m/nofp\libc_nano.a(lib_a-init.o)
 .ARM.attributes
                0x000000000000041c       0x2d c:/st/stm32cubeide_1.12.0/stm32cubeide/plugins/com.st.stm32cube.ide.mcu.externaltools.gnu-tools-for-stm32.10.3-2021.10.win32_1.0.200.202301161003/tools/bin/../lib/gcc/arm-none-eabi/10.3.1/../../../../arm-none-eabi/lib/thumb/v7-m/nofp\libc_nano.a(lib_a-memset.o)
 .ARM.attributes
                0x0000000000000449       0x1d c:/st/stm32cubeide_1.12.0/stm32cubeide/plugins/com.st.stm32cube.ide.mcu.externaltools.gnu-tools-for-stm32.10.3-2021.10.win32_1.0.200.202301161003/tools/bin/../lib/gcc/arm-none-eabi/10.3.1/thumb/v7-m/nofp\libgcc.a(_aeabi_uldivmod.o)
 .ARM.attributes
                0x0000000000000466       0x2d c:/st/stm32cubeide_1.12.0/stm32cubeide/plugins/com.st.stm32cube.ide.mcu.externaltools.gnu-tools-for-stm32.10.3-2021.10.win32_1.0.200.202301161003/tools/bin/../lib/gcc/arm-none-eabi/10.3.1/thumb/v7-m/nofp\libgcc.a(_udivmoddi4.o)
 .ARM.attributes
                0x0000000000000493       0x1d c:/st/stm32cubeide_1.12.0/stm32cubeide/plugins/com.st.stm32cube.ide.mcu.externaltools.gnu-tools-for-stm32.10.3-2021.10.win32_1.0.200.202301161003/tools/bin/../lib/gcc/arm-none-eabi/10.3.1/thumb/v7-m/nofp\libgcc.a(_dvmd_tls.o)
 .ARM.attributes
                0x00000000000004b0       0x1d c:/st/stm32cubeide_1.12.0/stm32cubeide/plugins/com.st.stm32cube.ide.mcu.externaltools.gnu-tools-for-stm32.10.3-2021.10.win32_1.0.200.202301161003/tools/bin/../lib/gcc/arm-none-eabi/10.3.1/thumb/v7-m/nofp/crtn.o
OUTPUT(UART_USB.elf elf32-littlearm)
LOAD linker stubs
LOAD c:/st/stm32cubeide_1.12.0/stm32cubeide/plugins/com.st.stm32cube.ide.mcu.externaltools.gnu-tools-for-stm32.10.3-2021.10.win32_1.0.200.202301161003/tools/bin/../lib/gcc/arm-none-eabi/10.3.1/../../../../arm-none-eabi/lib/thumb/v7-m/nofp\libc.a
LOAD c:/st/stm32cubeide_1.12.0/stm32cubeide/plugins/com.st.stm32cube.ide.mcu.externaltools.gnu-tools-for-stm32.10.3-2021.10.win32_1.0.200.202301161003/tools/bin/../lib/gcc/arm-none-eabi/10.3.1/../../../../arm-none-eabi/lib/thumb/v7-m/nofp\libm.a
LOAD c:/st/stm32cubeide_1.12.0/stm32cubeide/plugins/com.st.stm32cube.ide.mcu.externaltools.gnu-tools-for-stm32.10.3-2021.10.win32_1.0.200.202301161003/tools/bin/../lib/gcc/arm-none-eabi/10.3.1/thumb/v7-m/nofp\libgcc.a

.debug_info     0x0000000000000000     0xe51e
 .debug_info    0x0000000000000000      0xb3d ./Core/Src/main.o
 .debug_info    0x0000000000000b3d      0x867 ./Core/Src/stm32l1xx_hal_msp.o
 .debug_info    0x00000000000013a4      0x652 ./Core/Src/stm32l1xx_it.o
 .debug_info    0x00000000000019f6      0x2a7 ./Core/Src/system_stm32l1xx.o
 .debug_info    0x0000000000001c9d       0x22 ./Core/Startup/startup_stm32l152retx.o
 .debug_info    0x0000000000001cbf      0x726 ./Drivers/STM32L1xx_HAL_Driver/Src/stm32l1xx_hal.o
 .debug_info    0x00000000000023e5      0xd85 ./Drivers/STM32L1xx_HAL_Driver/Src/stm32l1xx_hal_cortex.o
 .debug_info    0x000000000000316a      0x635 ./Drivers/STM32L1xx_HAL_Driver/Src/stm32l1xx_hal_gpio.o
 .debug_info    0x000000000000379f     0x15b3 ./Drivers/STM32L1xx_HAL_Driver/Src/stm32l1xx_hal_pcd.o
 .debug_info    0x0000000000004d52      0x719 ./Drivers/STM32L1xx_HAL_Driver/Src/stm32l1xx_hal_pcd_ex.o
 .debug_info    0x000000000000546b      0x9e7 ./Drivers/STM32L1xx_HAL_Driver/Src/stm32l1xx_hal_rcc.o
 .debug_info    0x0000000000005e52     0x15dc ./Drivers/STM32L1xx_HAL_Driver/Src/stm32l1xx_hal_uart.o
 .debug_info    0x000000000000742e     0x172e ./Drivers/STM32L1xx_HAL_Driver/Src/stm32l1xx_ll_usb.o
 .debug_info    0x0000000000008b5c     0x10e2 ./Middlewares/ST/STM32_USB_Device_Library/Class/CDC/Src/usbd_cdc.o
 .debug_info    0x0000000000009c3e      0xb02 ./Middlewares/ST/STM32_USB_Device_Library/Core/Src/usbd_core.o
 .debug_info    0x000000000000a740      0x9a6 ./Middlewares/ST/STM32_USB_Device_Library/Core/Src/usbd_ctlreq.o
 .debug_info    0x000000000000b0e6      0x715 ./Middlewares/ST/STM32_USB_Device_Library/Core/Src/usbd_ioreq.o
 .debug_info    0x000000000000b7fb      0x679 ./USB_DEVICE/App/usb_device.o
 .debug_info    0x000000000000be74      0x828 ./USB_DEVICE/App/usbd_cdc_if.o
 .debug_info    0x000000000000c69c      0x484 ./USB_DEVICE/App/usbd_desc.o
 .debug_info    0x000000000000cb20     0x19fe ./USB_DEVICE/Target/usbd_conf.o

.debug_abbrev   0x0000000000000000     0x2b24
 .debug_abbrev  0x0000000000000000      0x260 ./Core/Src/main.o
 .debug_abbrev  0x0000000000000260      0x194 ./Core/Src/stm32l1xx_hal_msp.o
 .debug_abbrev  0x00000000000003f4      0x188 ./Core/Src/stm32l1xx_it.o
 .debug_abbrev  0x000000000000057c      0x116 ./Core/Src/system_stm32l1xx.o
 .debug_abbrev  0x0000000000000692       0x12 ./Core/Startup/startup_stm32l152retx.o
 .debug_abbrev  0x00000000000006a4      0x26c ./Drivers/STM32L1xx_HAL_Driver/Src/stm32l1xx_hal.o
 .debug_abbrev  0x0000000000000910      0x316 ./Drivers/STM32L1xx_HAL_Driver/Src/stm32l1xx_hal_cortex.o
 .debug_abbrev  0x0000000000000c26      0x1c4 ./Drivers/STM32L1xx_HAL_Driver/Src/stm32l1xx_hal_gpio.o
 .debug_abbrev  0x0000000000000dea      0x2c0 ./Drivers/STM32L1xx_HAL_Driver/Src/stm32l1xx_hal_pcd.o
 .debug_abbrev  0x00000000000010aa      0x17f ./Drivers/STM32L1xx_HAL_Driver/Src/stm32l1xx_hal_pcd_ex.o
 .debug_abbrev  0x0000000000001229      0x2b0 ./Drivers/STM32L1xx_HAL_Driver/Src/stm32l1xx_hal_rcc.o
 .debug_abbrev  0x00000000000014d9      0x278 ./Drivers/STM32L1xx_HAL_Driver/Src/stm32l1xx_hal_uart.o
 .debug_abbrev  0x0000000000001751      0x22f ./Drivers/STM32L1xx_HAL_Driver/Src/stm32l1xx_ll_usb.o
 .debug_abbrev  0x0000000000001980      0x2c0 ./Middlewares/ST/STM32_USB_Device_Library/Class/CDC/Src/usbd_cdc.o
 .debug_abbrev  0x0000000000001c40      0x236 ./Middlewares/ST/STM32_USB_Device_Library/Core/Src/usbd_core.o
 .debug_abbrev  0x0000000000001e76      0x257 ./Middlewares/ST/STM32_USB_Device_Library/Core/Src/usbd_ctlreq.o
 .debug_abbrev  0x00000000000020cd      0x183 ./Middlewares/ST/STM32_USB_Device_Library/Core/Src/usbd_ioreq.o
 .debug_abbrev  0x0000000000002250      0x183 ./USB_DEVICE/App/usb_device.o
 .debug_abbrev  0x00000000000023d3      0x252 ./USB_DEVICE/App/usbd_cdc_if.o
 .debug_abbrev  0x0000000000002625      0x1fa ./USB_DEVICE/App/usbd_desc.o
 .debug_abbrev  0x000000000000281f      0x305 ./USB_DEVICE/Target/usbd_conf.o

.debug_aranges  0x0000000000000000      0xc20
 .debug_aranges
                0x0000000000000000       0x40 ./Core/Src/main.o
 .debug_aranges
                0x0000000000000040       0x30 ./Core/Src/stm32l1xx_hal_msp.o
 .debug_aranges
                0x0000000000000070       0x68 ./Core/Src/stm32l1xx_it.o
 .debug_aranges
                0x00000000000000d8       0x28 ./Core/Src/system_stm32l1xx.o
 .debug_aranges
                0x0000000000000100       0x28 ./Core/Startup/startup_stm32l152retx.o
 .debug_aranges
                0x0000000000000128       0xe0 ./Drivers/STM32L1xx_HAL_Driver/Src/stm32l1xx_hal.o
 .debug_aranges
                0x0000000000000208      0x118 ./Drivers/STM32L1xx_HAL_Driver/Src/stm32l1xx_hal_cortex.o
 .debug_aranges
                0x0000000000000320       0x58 ./Drivers/STM32L1xx_HAL_Driver/Src/stm32l1xx_hal_gpio.o
 .debug_aranges
                0x0000000000000378      0x138 ./Drivers/STM32L1xx_HAL_Driver/Src/stm32l1xx_hal_pcd.o
 .debug_aranges
                0x00000000000004b0       0x38 ./Drivers/STM32L1xx_HAL_Driver/Src/stm32l1xx_hal_pcd_ex.o
 .debug_aranges
                0x00000000000004e8       0x90 ./Drivers/STM32L1xx_HAL_Driver/Src/stm32l1xx_hal_rcc.o
 .debug_aranges
                0x0000000000000578      0x200 ./Drivers/STM32L1xx_HAL_Driver/Src/stm32l1xx_hal_uart.o
 .debug_aranges
                0x0000000000000778       0xb0 ./Drivers/STM32L1xx_HAL_Driver/Src/stm32l1xx_ll_usb.o
 .debug_aranges
                0x0000000000000828       0x90 ./Middlewares/ST/STM32_USB_Device_Library/Class/CDC/Src/usbd_cdc.o
 .debug_aranges
                0x00000000000008b8       0xb8 ./Middlewares/ST/STM32_USB_Device_Library/Core/Src/usbd_core.o
 .debug_aranges
                0x0000000000000970       0x88 ./Middlewares/ST/STM32_USB_Device_Library/Core/Src/usbd_ctlreq.o
 .debug_aranges
                0x00000000000009f8       0x50 ./Middlewares/ST/STM32_USB_Device_Library/Core/Src/usbd_ioreq.o
 .debug_aranges
                0x0000000000000a48       0x20 ./USB_DEVICE/App/usb_device.o
 .debug_aranges
                0x0000000000000a68       0x40 ./USB_DEVICE/App/usbd_cdc_if.o
 .debug_aranges
                0x0000000000000aa8       0x60 ./USB_DEVICE/App/usbd_desc.o
 .debug_aranges
                0x0000000000000b08      0x118 ./USB_DEVICE/Target/usbd_conf.o

.debug_ranges   0x0000000000000000      0xb08
 .debug_ranges  0x0000000000000000       0x30 ./Core/Src/main.o
 .debug_ranges  0x0000000000000030       0x20 ./Core/Src/stm32l1xx_hal_msp.o
 .debug_ranges  0x0000000000000050       0x58 ./Core/Src/stm32l1xx_it.o
 .debug_ranges  0x00000000000000a8       0x18 ./Core/Src/system_stm32l1xx.o
 .debug_ranges  0x00000000000000c0       0x20 ./Core/Startup/startup_stm32l152retx.o
 .debug_ranges  0x00000000000000e0       0xd0 ./Drivers/STM32L1xx_HAL_Driver/Src/stm32l1xx_hal.o
 .debug_ranges  0x00000000000001b0      0x108 ./Drivers/STM32L1xx_HAL_Driver/Src/stm32l1xx_hal_cortex.o
 .debug_ranges  0x00000000000002b8       0x48 ./Drivers/STM32L1xx_HAL_Driver/Src/stm32l1xx_hal_gpio.o
 .debug_ranges  0x0000000000000300      0x128 ./Drivers/STM32L1xx_HAL_Driver/Src/stm32l1xx_hal_pcd.o
 .debug_ranges  0x0000000000000428       0x28 ./Drivers/STM32L1xx_HAL_Driver/Src/stm32l1xx_hal_pcd_ex.o
 .debug_ranges  0x0000000000000450       0x80 ./Drivers/STM32L1xx_HAL_Driver/Src/stm32l1xx_hal_rcc.o
 .debug_ranges  0x00000000000004d0      0x220 ./Drivers/STM32L1xx_HAL_Driver/Src/stm32l1xx_hal_uart.o
 .debug_ranges  0x00000000000006f0       0xa0 ./Drivers/STM32L1xx_HAL_Driver/Src/stm32l1xx_ll_usb.o
 .debug_ranges  0x0000000000000790       0x80 ./Middlewares/ST/STM32_USB_Device_Library/Class/CDC/Src/usbd_cdc.o
 .debug_ranges  0x0000000000000810       0xa8 ./Middlewares/ST/STM32_USB_Device_Library/Core/Src/usbd_core.o
 .debug_ranges  0x00000000000008b8       0x78 ./Middlewares/ST/STM32_USB_Device_Library/Core/Src/usbd_ctlreq.o
 .debug_ranges  0x0000000000000930       0x40 ./Middlewares/ST/STM32_USB_Device_Library/Core/Src/usbd_ioreq.o
 .debug_ranges  0x0000000000000970       0x10 ./USB_DEVICE/App/usb_device.o
 .debug_ranges  0x0000000000000980       0x30 ./USB_DEVICE/App/usbd_cdc_if.o
 .debug_ranges  0x00000000000009b0       0x50 ./USB_DEVICE/App/usbd_desc.o
 .debug_ranges  0x0000000000000a00      0x108 ./USB_DEVICE/Target/usbd_conf.o

.debug_macro    0x0000000000000000    0x182a3
 .debug_macro   0x0000000000000000      0x403 ./Core/Src/main.o
 .debug_macro   0x0000000000000403      0xa6c ./Core/Src/main.o
 .debug_macro   0x0000000000000e6f      0x10f ./Core/Src/main.o
 .debug_macro   0x0000000000000f7e       0x2e ./Core/Src/main.o
 .debug_macro   0x0000000000000fac       0x22 ./Core/Src/main.o
 .debug_macro   0x0000000000000fce       0x22 ./Core/Src/main.o
 .debug_macro   0x0000000000000ff0       0x8e ./Core/Src/main.o
 .debug_macro   0x000000000000107e       0x51 ./Core/Src/main.o
 .debug_macro   0x00000000000010cf      0x103 ./Core/Src/main.o
 .debug_macro   0x00000000000011d2       0x6a ./Core/Src/main.o
 .debug_macro   0x000000000000123c      0x1df ./Core/Src/main.o
 .debug_macro   0x000000000000141b       0x1c ./Core/Src/main.o
 .debug_macro   0x0000000000001437       0x22 ./Core/Src/main.o
 .debug_macro   0x0000000000001459       0xbd ./Core/Src/main.o
 .debug_macro   0x0000000000001516      0xe49 ./Core/Src/main.o
 .debug_macro   0x000000000000235f      0x11f ./Core/Src/main.o
 .debug_macro   0x000000000000247e     0xb540 ./Core/Src/main.o
 .debug_macro   0x000000000000d9be       0x6d ./Core/Src/main.o
 .debug_macro   0x000000000000da2b     0x34ca ./Core/Src/main.o
 .debug_macro   0x0000000000010ef5      0x174 ./Core/Src/main.o
 .debug_macro   0x0000000000011069       0x5b ./Core/Src/main.o
 .debug_macro   0x00000000000110c4      0xe38 ./Core/Src/main.o
 .debug_macro   0x0000000000011efc      0x35b ./Core/Src/main.o
 .debug_macro   0x0000000000012257      0x1b9 ./Core/Src/main.o
 .debug_macro   0x0000000000012410       0xc5 ./Core/Src/main.o
 .debug_macro   0x00000000000124d5      0x21e ./Core/Src/main.o
 .debug_macro   0x00000000000126f3      0x236 ./Core/Src/main.o
 .debug_macro   0x0000000000012929      0x10f ./Core/Src/main.o
 .debug_macro   0x0000000000012a38      0x567 ./Core/Src/main.o
 .debug_macro   0x0000000000012f9f      0x1e9 ./Core/Src/main.o
 .debug_macro   0x0000000000013188       0x22 ./Core/Src/main.o
 .debug_macro   0x00000000000131aa      0x295 ./Core/Src/main.o
 .debug_macro   0x000000000001343f       0x65 ./Core/Src/main.o
 .debug_macro   0x00000000000134a4      0x249 ./Core/Src/main.o
 .debug_macro   0x00000000000136ed      0x170 ./Core/Src/main.o
 .debug_macro   0x000000000001385d      0x492 ./Core/Src/main.o
 .debug_macro   0x0000000000013cef       0x58 ./Core/Src/main.o
 .debug_macro   0x0000000000013d47       0x52 ./Core/Src/main.o
 .debug_macro   0x0000000000013d99       0x18 ./Core/Src/main.o
 .debug_macro   0x0000000000013db1       0x3c ./Core/Src/main.o
 .debug_macro   0x0000000000013ded       0x34 ./Core/Src/main.o
 .debug_macro   0x0000000000013e21       0x16 ./Core/Src/main.o
 .debug_macro   0x0000000000013e37       0x35 ./Core/Src/main.o
 .debug_macro   0x0000000000013e6c      0x341 ./Core/Src/main.o
 .debug_macro   0x00000000000141ad       0x10 ./Core/Src/main.o
 .debug_macro   0x00000000000141bd       0x16 ./Core/Src/main.o
 .debug_macro   0x00000000000141d3       0x43 ./Core/Src/main.o
 .debug_macro   0x0000000000014216       0x34 ./Core/Src/main.o
 .debug_macro   0x000000000001424a       0x10 ./Core/Src/main.o
 .debug_macro   0x000000000001425a       0x58 ./Core/Src/main.o
 .debug_macro   0x00000000000142b2       0x71 ./Core/Src/main.o
 .debug_macro   0x0000000000014323       0x1c ./Core/Src/main.o
 .debug_macro   0x000000000001433f      0x12a ./Core/Src/main.o
 .debug_macro   0x0000000000014469       0x10 ./Core/Src/main.o
 .debug_macro   0x0000000000014479       0x1c ./Core/Src/main.o
 .debug_macro   0x0000000000014495       0x52 ./Core/Src/main.o
 .debug_macro   0x00000000000144e7       0x22 ./Core/Src/main.o
 .debug_macro   0x0000000000014509       0x10 ./Core/Src/main.o
 .debug_macro   0x0000000000014519       0x52 ./Core/Src/main.o
 .debug_macro   0x000000000001456b       0xd5 ./Core/Src/main.o
 .debug_macro   0x0000000000014640       0x1c ./Core/Src/main.o
 .debug_macro   0x000000000001465c       0x3d ./Core/Src/main.o
 .debug_macro   0x0000000000014699       0x16 ./Core/Src/main.o
 .debug_macro   0x00000000000146af      0x145 ./Core/Src/main.o
 .debug_macro   0x00000000000147f4       0x16 ./Core/Src/main.o
 .debug_macro   0x000000000001480a       0x16 ./Core/Src/main.o
 .debug_macro   0x0000000000014820       0x29 ./Core/Src/main.o
 .debug_macro   0x0000000000014849       0x16 ./Core/Src/main.o
 .debug_macro   0x000000000001485f       0x20 ./Core/Src/main.o
 .debug_macro   0x000000000001487f       0x59 ./Core/Src/main.o
 .debug_macro   0x00000000000148d8      0x1d6 ./Core/Src/main.o
 .debug_macro   0x0000000000014aae       0x8f ./Core/Src/main.o
 .debug_macro   0x0000000000014b3d       0x10 ./Core/Src/main.o
 .debug_macro   0x0000000000014b4d      0x1ce ./Core/Src/stm32l1xx_hal_msp.o
 .debug_macro   0x0000000000014d1b      0x1d8 ./Core/Src/stm32l1xx_it.o
 .debug_macro   0x0000000000014ef3      0x1bf ./Core/Src/system_stm32l1xx.o
 .debug_macro   0x00000000000150b2      0x1e3 ./Drivers/STM32L1xx_HAL_Driver/Src/stm32l1xx_hal.o
 .debug_macro   0x0000000000015295      0x1bf ./Drivers/STM32L1xx_HAL_Driver/Src/stm32l1xx_hal_cortex.o
 .debug_macro   0x0000000000015454      0x1c6 ./Drivers/STM32L1xx_HAL_Driver/Src/stm32l1xx_hal_gpio.o
 .debug_macro   0x000000000001561a      0x1cb ./Drivers/STM32L1xx_HAL_Driver/Src/stm32l1xx_hal_pcd.o
 .debug_macro   0x00000000000157e5      0x1bf ./Drivers/STM32L1xx_HAL_Driver/Src/stm32l1xx_hal_pcd_ex.o
 .debug_macro   0x00000000000159a4      0x1d1 ./Drivers/STM32L1xx_HAL_Driver/Src/stm32l1xx_hal_rcc.o
 .debug_macro   0x0000000000015b75      0x1c0 ./Drivers/STM32L1xx_HAL_Driver/Src/stm32l1xx_hal_uart.o
 .debug_macro   0x0000000000015d35      0x1bf ./Drivers/STM32L1xx_HAL_Driver/Src/stm32l1xx_ll_usb.o
 .debug_macro   0x0000000000015ef4      0x3e4 ./Middlewares/ST/STM32_USB_Device_Library/Class/CDC/Src/usbd_cdc.o
 .debug_macro   0x00000000000162d8       0x97 ./Middlewares/ST/STM32_USB_Device_Library/Class/CDC/Src/usbd_cdc.o
 .debug_macro   0x000000000001636f       0xfd ./Middlewares/ST/STM32_USB_Device_Library/Class/CDC/Src/usbd_cdc.o
 .debug_macro   0x000000000001646c       0x55 ./Middlewares/ST/STM32_USB_Device_Library/Class/CDC/Src/usbd_cdc.o
 .debug_macro   0x00000000000164c1      0x3cb ./Middlewares/ST/STM32_USB_Device_Library/Core/Src/usbd_core.o
 .debug_macro   0x000000000001688c      0x1dc ./Middlewares/ST/STM32_USB_Device_Library/Core/Src/usbd_core.o
 .debug_macro   0x0000000000016a68      0x3d5 ./Middlewares/ST/STM32_USB_Device_Library/Core/Src/usbd_ctlreq.o
 .debug_macro   0x0000000000016e3d      0x3d1 ./Middlewares/ST/STM32_USB_Device_Library/Core/Src/usbd_ioreq.o
 .debug_macro   0x000000000001720e      0x404 ./USB_DEVICE/App/usb_device.o
 .debug_macro   0x0000000000017612       0x5e ./USB_DEVICE/App/usb_device.o
 .debug_macro   0x0000000000017670       0x22 ./USB_DEVICE/App/usb_device.o
 .debug_macro   0x0000000000017692       0x16 ./USB_DEVICE/App/usb_device.o
 .debug_macro   0x00000000000176a8      0x3ef ./USB_DEVICE/App/usbd_cdc_if.o
 .debug_macro   0x0000000000017a97      0x408 ./USB_DEVICE/App/usbd_desc.o
 .debug_macro   0x0000000000017e9f       0x1c ./USB_DEVICE/App/usbd_desc.o
 .debug_macro   0x0000000000017ebb      0x3e8 ./USB_DEVICE/Target/usbd_conf.o

.debug_line     0x0000000000000000     0xf628
 .debug_line    0x0000000000000000      0xaf9 ./Core/Src/main.o
 .debug_line    0x0000000000000af9      0x70e ./Core/Src/stm32l1xx_hal_msp.o
 .debug_line    0x0000000000001207      0x79a ./Core/Src/stm32l1xx_it.o
 .debug_line    0x00000000000019a1      0x760 ./Core/Src/system_stm32l1xx.o
 .debug_line    0x0000000000002101       0x87 ./Core/Startup/startup_stm32l152retx.o
 .debug_line    0x0000000000002188      0x983 ./Drivers/STM32L1xx_HAL_Driver/Src/stm32l1xx_hal.o
 .debug_line    0x0000000000002b0b      0xc50 ./Drivers/STM32L1xx_HAL_Driver/Src/stm32l1xx_hal_cortex.o
 .debug_line    0x000000000000375b      0x9fd ./Drivers/STM32L1xx_HAL_Driver/Src/stm32l1xx_hal_gpio.o
 .debug_line    0x0000000000004158     0x1271 ./Drivers/STM32L1xx_HAL_Driver/Src/stm32l1xx_hal_pcd.o
 .debug_line    0x00000000000053c9      0x739 ./Drivers/STM32L1xx_HAL_Driver/Src/stm32l1xx_hal_pcd_ex.o
 .debug_line    0x0000000000005b02      0xe8c ./Drivers/STM32L1xx_HAL_Driver/Src/stm32l1xx_hal_rcc.o
 .debug_line    0x000000000000698e     0x1a5f ./Drivers/STM32L1xx_HAL_Driver/Src/stm32l1xx_hal_uart.o
 .debug_line    0x00000000000083ed      0xfdf ./Drivers/STM32L1xx_HAL_Driver/Src/stm32l1xx_ll_usb.o
 .debug_line    0x00000000000093cc      0xd4a ./Middlewares/ST/STM32_USB_Device_Library/Class/CDC/Src/usbd_cdc.o
 .debug_line    0x000000000000a116      0xdc4 ./Middlewares/ST/STM32_USB_Device_Library/Core/Src/usbd_core.o
 .debug_line    0x000000000000aeda      0xf63 ./Middlewares/ST/STM32_USB_Device_Library/Core/Src/usbd_ctlreq.o
 .debug_line    0x000000000000be3d      0xa62 ./Middlewares/ST/STM32_USB_Device_Library/Core/Src/usbd_ioreq.o
 .debug_line    0x000000000000c89f      0xa22 ./USB_DEVICE/App/usb_device.o
 .debug_line    0x000000000000d2c1      0xa6a ./USB_DEVICE/App/usbd_cdc_if.o
 .debug_line    0x000000000000dd2b      0xaeb ./USB_DEVICE/App/usbd_desc.o
 .debug_line    0x000000000000e816      0xe12 ./USB_DEVICE/Target/usbd_conf.o

.debug_str      0x0000000000000000    0x89227
 .debug_str     0x0000000000000000    0x8639f ./Core/Src/main.o
                                      0x866d3 (size before relaxing)
 .debug_str     0x000000000008639f       0x83 ./Core/Src/stm32l1xx_hal_msp.o
                                      0x8193d (size before relaxing)
 .debug_str     0x0000000000086422      0x3e9 ./Core/Src/stm32l1xx_it.o
                                      0x81871 (size before relaxing)
 .debug_str     0x000000000008680b       0x99 ./Core/Src/system_stm32l1xx.o
                                      0x813e6 (size before relaxing)
 .debug_str     0x00000000000868a4       0x36 ./Core/Startup/startup_stm32l152retx.o
                                         0x72 (size before relaxing)
 .debug_str     0x00000000000868da      0x670 ./Drivers/STM32L1xx_HAL_Driver/Src/stm32l1xx_hal.o
                                      0x81b0b (size before relaxing)
 .debug_str     0x0000000000086f4a      0x3a8 ./Drivers/STM32L1xx_HAL_Driver/Src/stm32l1xx_hal_cortex.o
                                      0x81be5 (size before relaxing)
 .debug_str     0x00000000000872f2      0x11b ./Drivers/STM32L1xx_HAL_Driver/Src/stm32l1xx_hal_gpio.o
                                      0x81579 (size before relaxing)
 .debug_str     0x000000000008740d      0x4f9 ./Drivers/STM32L1xx_HAL_Driver/Src/stm32l1xx_hal_pcd.o
                                      0x81c09 (size before relaxing)
 .debug_str     0x0000000000087906      0x170 ./Drivers/STM32L1xx_HAL_Driver/Src/stm32l1xx_hal_pcd_ex.o
                                      0x8181f (size before relaxing)
 .debug_str     0x0000000000087a76      0x281 ./Drivers/STM32L1xx_HAL_Driver/Src/stm32l1xx_hal_rcc.o
                                      0x818a2 (size before relaxing)
 .debug_str     0x0000000000087cf7      0x62b ./Drivers/STM32L1xx_HAL_Driver/Src/stm32l1xx_hal_uart.o
                                      0x81de5 (size before relaxing)
 .debug_str     0x0000000000088322       0xcc ./Drivers/STM32L1xx_HAL_Driver/Src/stm32l1xx_ll_usb.o
                                      0x8178a (size before relaxing)
 .debug_str     0x00000000000883ee      0x62d ./Middlewares/ST/STM32_USB_Device_Library/Class/CDC/Src/usbd_cdc.o
                                      0x869cf (size before relaxing)
 .debug_str     0x0000000000088a1b      0x288 ./Middlewares/ST/STM32_USB_Device_Library/Core/Src/usbd_core.o
                                      0x8630a (size before relaxing)
 .debug_str     0x0000000000088ca3      0x120 ./Middlewares/ST/STM32_USB_Device_Library/Core/Src/usbd_ctlreq.o
                                      0x86224 (size before relaxing)
 .debug_str     0x0000000000088dc3       0x51 ./Middlewares/ST/STM32_USB_Device_Library/Core/Src/usbd_ioreq.o
                                      0x86151 (size before relaxing)
 .debug_str     0x0000000000088e14       0xc6 ./USB_DEVICE/App/usb_device.o
                                      0x864dc (size before relaxing)
 .debug_str     0x0000000000088eda       0x7d ./USB_DEVICE/App/usbd_cdc_if.o
                                      0x86502 (size before relaxing)
 .debug_str     0x0000000000088f57      0x258 ./USB_DEVICE/App/usbd_desc.o
                                      0x8608d (size before relaxing)
 .debug_str     0x00000000000891af       0x78 ./USB_DEVICE/Target/usbd_conf.o
                                      0x87027 (size before relaxing)

.comment        0x0000000000000000       0x50
 .comment       0x0000000000000000       0x50 ./Core/Src/main.o
                                         0x51 (size before relaxing)
 .comment       0x0000000000000050       0x51 ./Core/Src/stm32l1xx_hal_msp.o
 .comment       0x0000000000000050       0x51 ./Core/Src/stm32l1xx_it.o
 .comment       0x0000000000000050       0x51 ./Core/Src/system_stm32l1xx.o
 .comment       0x0000000000000050       0x51 ./Drivers/STM32L1xx_HAL_Driver/Src/stm32l1xx_hal.o
 .comment       0x0000000000000050       0x51 ./Drivers/STM32L1xx_HAL_Driver/Src/stm32l1xx_hal_cortex.o
 .comment       0x0000000000000050       0x51 ./Drivers/STM32L1xx_HAL_Driver/Src/stm32l1xx_hal_gpio.o
 .comment       0x0000000000000050       0x51 ./Drivers/STM32L1xx_HAL_Driver/Src/stm32l1xx_hal_pcd.o
 .comment       0x0000000000000050       0x51 ./Drivers/STM32L1xx_HAL_Driver/Src/stm32l1xx_hal_pcd_ex.o
 .comment       0x0000000000000050       0x51 ./Drivers/STM32L1xx_HAL_Driver/Src/stm32l1xx_hal_rcc.o
 .comment       0x0000000000000050       0x51 ./Drivers/STM32L1xx_HAL_Driver/Src/stm32l1xx_hal_uart.o
 .comment       0x0000000000000050       0x51 ./Drivers/STM32L1xx_HAL_Driver/Src/stm32l1xx_ll_usb.o
 .comment       0x0000000000000050       0x51 ./Middlewares/ST/STM32_USB_Device_Library/Class/CDC/Src/usbd_cdc.o
 .comment       0x0000000000000050       0x51 ./Middlewares/ST/STM32_USB_Device_Library/Core/Src/usbd_core.o
 .comment       0x0000000000000050       0x51 ./Middlewares/ST/STM32_USB_Device_Library/Core/Src/usbd_ctlreq.o
 .comment       0x0000000000000050       0x51 ./Middlewares/ST/STM32_USB_Device_Library/Core/Src/usbd_ioreq.o
 .comment       0x0000000000000050       0x51 ./USB_DEVICE/App/usb_device.o
 .comment       0x0000000000000050       0x51 ./USB_DEVICE/App/usbd_cdc_if.o
 .comment       0x0000000000000050       0x51 ./USB_DEVICE/App/usbd_desc.o
 .comment       0x0000000000000050       0x51 ./USB_DEVICE/Target/usbd_conf.o

.debug_frame    0x0000000000000000     0x3030
 .debug_frame   0x0000000000000000       0xac ./Core/Src/main.o
 .debug_frame   0x00000000000000ac       0x7c ./Core/Src/stm32l1xx_hal_msp.o
 .debug_frame   0x0000000000000128      0x120 ./Core/Src/stm32l1xx_it.o
 .debug_frame   0x0000000000000248       0x58 ./Core/Src/system_stm32l1xx.o
 .debug_frame   0x00000000000002a0      0x33c ./Drivers/STM32L1xx_HAL_Driver/Src/stm32l1xx_hal.o
 .debug_frame   0x00000000000005dc      0x498 ./Drivers/STM32L1xx_HAL_Driver/Src/stm32l1xx_hal_cortex.o
 .debug_frame   0x0000000000000a74      0x14c ./Drivers/STM32L1xx_HAL_Driver/Src/stm32l1xx_hal_gpio.o
 .debug_frame   0x0000000000000bc0      0x578 ./Drivers/STM32L1xx_HAL_Driver/Src/stm32l1xx_hal_pcd.o
 .debug_frame   0x0000000000001138       0xb0 ./Drivers/STM32L1xx_HAL_Driver/Src/stm32l1xx_hal_pcd_ex.o
 .debug_frame   0x00000000000011e8      0x224 ./Drivers/STM32L1xx_HAL_Driver/Src/stm32l1xx_hal_rcc.o
 .debug_frame   0x000000000000140c      0x914 ./Drivers/STM32L1xx_HAL_Driver/Src/stm32l1xx_hal_uart.o
 .debug_frame   0x0000000000001d20      0x310 ./Drivers/STM32L1xx_HAL_Driver/Src/stm32l1xx_ll_usb.o
 .debug_frame   0x0000000000002030      0x248 ./Middlewares/ST/STM32_USB_Device_Library/Class/CDC/Src/usbd_cdc.o
 .debug_frame   0x0000000000002278      0x300 ./Middlewares/ST/STM32_USB_Device_Library/Core/Src/usbd_core.o
 .debug_frame   0x0000000000002578      0x214 ./Middlewares/ST/STM32_USB_Device_Library/Core/Src/usbd_ctlreq.o
 .debug_frame   0x000000000000278c      0x10c ./Middlewares/ST/STM32_USB_Device_Library/Core/Src/usbd_ioreq.o
 .debug_frame   0x0000000000002898       0x2c ./USB_DEVICE/App/usb_device.o
 .debug_frame   0x00000000000028c4       0xbc ./USB_DEVICE/App/usbd_cdc_if.o
 .debug_frame   0x0000000000002980      0x160 ./USB_DEVICE/App/usbd_desc.o
 .debug_frame   0x0000000000002ae0      0x4a4 ./USB_DEVICE/Target/usbd_conf.o
 .debug_frame   0x0000000000002f84       0x2c c:/st/stm32cubeide_1.12.0/stm32cubeide/plugins/com.st.stm32cube.ide.mcu.externaltools.gnu-tools-for-stm32.10.3-2021.10.win32_1.0.200.202301161003/tools/bin/../lib/gcc/arm-none-eabi/10.3.1/../../../../arm-none-eabi/lib/thumb/v7-m/nofp\libc_nano.a(lib_a-init.o)
 .debug_frame   0x0000000000002fb0       0x20 c:/st/stm32cubeide_1.12.0/stm32cubeide/plugins/com.st.stm32cube.ide.mcu.externaltools.gnu-tools-for-stm32.10.3-2021.10.win32_1.0.200.202301161003/tools/bin/../lib/gcc/arm-none-eabi/10.3.1/../../../../arm-none-eabi/lib/thumb/v7-m/nofp\libc_nano.a(lib_a-memset.o)
 .debug_frame   0x0000000000002fd0       0x2c c:/st/stm32cubeide_1.12.0/stm32cubeide/plugins/com.st.stm32cube.ide.mcu.externaltools.gnu-tools-for-stm32.10.3-2021.10.win32_1.0.200.202301161003/tools/bin/../lib/gcc/arm-none-eabi/10.3.1/thumb/v7-m/nofp\libgcc.a(_aeabi_uldivmod.o)
 .debug_frame   0x0000000000002ffc       0x34 c:/st/stm32cubeide_1.12.0/stm32cubeide/plugins/com.st.stm32cube.ide.mcu.externaltools.gnu-tools-for-stm32.10.3-2021.10.win32_1.0.200.202301161003/tools/bin/../lib/gcc/arm-none-eabi/10.3.1/thumb/v7-m/nofp\libgcc.a(_udivmoddi4.o)
